Component: ARM Compiler 5.06 update 4 (build 422) Tool: armlink [4d35d2]

==============================================================================

Section Cross References

    .\obj\system_lpc17xx.o(.text) refers to C:\Keil_v5\ARM\ARMCC\Bin\..\lib\armlib\c_w.l(lludivv7m.o)(.text) for __aeabi_uldivmod
    .\obj\system_lpc17xx.o(.text) refers to .\obj\system_lpc17xx.o(.data) for SystemCoreClock
    .\obj\startup_lpc17xx.o(STACK) refers (Special) to C:\Keil_v5\ARM\ARMCC\Bin\..\lib\armlib\c_w.l(heapauxi.o)(.text) for __use_two_region_memory
    .\obj\startup_lpc17xx.o(HEAP) refers (Special) to C:\Keil_v5\ARM\ARMCC\Bin\..\lib\armlib\c_w.l(heapauxi.o)(.text) for __use_two_region_memory
    .\obj\startup_lpc17xx.o(RESET) refers (Special) to C:\Keil_v5\ARM\ARMCC\Bin\..\lib\armlib\c_w.l(heapauxi.o)(.text) for __use_two_region_memory
    .\obj\startup_lpc17xx.o(RESET) refers to .\obj\startup_lpc17xx.o(STACK) for __initial_sp
    .\obj\startup_lpc17xx.o(RESET) refers to .\obj\startup_lpc17xx.o(.text) for Reset_Handler
    .\obj\startup_lpc17xx.o(RESET) refers to .\obj\main.o(.text) for TIMER0_IRQHandler
    .\obj\startup_lpc17xx.o(.ARM.__at_0x02FC) refers (Special) to C:\Keil_v5\ARM\ARMCC\Bin\..\lib\armlib\c_w.l(heapauxi.o)(.text) for __use_two_region_memory
    .\obj\startup_lpc17xx.o(.text) refers (Special) to C:\Keil_v5\ARM\ARMCC\Bin\..\lib\armlib\c_w.l(heapauxi.o)(.text) for __use_two_region_memory
    .\obj\startup_lpc17xx.o(.text) refers to .\obj\system_lpc17xx.o(.text) for SystemInit
    .\obj\startup_lpc17xx.o(.text) refers to C:\Keil_v5\ARM\ARMCC\Bin\..\lib\armlib\c_w.l(__main.o)(!!!main) for __main
    .\obj\startup_lpc17xx.o(.text) refers to .\obj\startup_lpc17xx.o(HEAP) for Heap_Mem
    .\obj\startup_lpc17xx.o(.text) refers to .\obj\startup_lpc17xx.o(STACK) for Stack_Mem
    .\obj\main.o(.text) refers to .\obj\lpc17xx_timer.o(.text) for TIM_Init
    .\obj\main.o(.text) refers to .\obj\doorlock_lcd.o(.text) for LCD_init
    .\obj\main.o(.text) refers to .\obj\doorlock_keypad.o(.text) for KEYPAD_init
    .\obj\main.o(.text) refers to .\obj\doorlock_motor.o(.text) for MOTOR_init
    .\obj\main.o(.text) refers to .\obj\doorlock_uart.o(.text) for UART_init
    .\obj\main.o(.text) refers to .\obj\doorlock_data.o(.text) for DATA_timeUpdate
    .\obj\main.o(.text) refers to .\obj\main.o(.data) for TIM_ConfigStruct
    .\obj\main.o(.text) refers to .\obj\main.o(.bss) for TIM_MatchConfigStruct
    .\obj\glcd.o(.text) refers to .\obj\glcd.o(.data) for TextColor
    .\obj\doorlock_keypad.o(.text) refers to .\obj\doorlock_data.o(.text) for DATA_getSystemState
    .\obj\doorlock_keypad.o(.text) refers to .\obj\doorlock_utility.o(.text) for load_LPC_GPIO_settingFrom
    .\obj\doorlock_keypad.o(.text) refers to .\obj\doorlock_keypad.o(.bss) for keypadMappingVector
    .\obj\doorlock_keypad.o(.text) refers to .\obj\doorlock_keypad.o(.data) for prevKeypadValue
    .\obj\doorlock_keypad.o(.text) refers to .\obj\doorlock_lcd.o(.text) for LCD_setRefresh
    .\obj\doorlock_keypad.o(.text) refers to .\obj\doorlock_motor.o(.text) for MOTOR_setCloseLocker
    .\obj\doorlock_lcd.o(.text) refers to C:\Keil_v5\ARM\ARMCC\Bin\..\lib\armlib\c_w.l(_printf_percent.o)(.ARM.Collect$$_printf_percent$$00000000) for _printf_percent
    .\obj\doorlock_lcd.o(.text) refers to C:\Keil_v5\ARM\ARMCC\Bin\..\lib\armlib\c_w.l(_printf_d.o)(.ARM.Collect$$_printf_percent$$00000009) for _printf_d
    .\obj\doorlock_lcd.o(.text) refers to C:\Keil_v5\ARM\ARMCC\Bin\..\lib\armlib\c_w.l(_printf_dec.o)(.text) for _printf_int_dec
    .\obj\doorlock_lcd.o(.text) refers to C:\Keil_v5\ARM\ARMCC\Bin\..\lib\armlib\c_w.l(_printf_pad.o)(.text) for _printf_pre_padding
    .\obj\doorlock_lcd.o(.text) refers to .\obj\glcd.o(.text) for GLCD_setBackColor
    .\obj\doorlock_lcd.o(.text) refers to C:\Keil_v5\ARM\ARMCC\Bin\..\lib\armlib\c_w.l(rt_memclr_w.o)(.text) for __aeabi_memclr4
    .\obj\doorlock_lcd.o(.text) refers to C:\Keil_v5\ARM\ARMCC\Bin\..\lib\armlib\c_w.l(noretval__2sprintf.o)(.text) for __2sprintf
    .\obj\doorlock_lcd.o(.text) refers to .\obj\doorlock_data.o(.text) for DATA_getSelectedLockerNumber
    .\obj\doorlock_lcd.o(.text) refers to .\obj\doorlock_lcd.o(.data) for isNeedRefreash
    .\obj\doorlock_motor.o(.text) refers to .\obj\lpc17xx_gpio.o(.text) for GPIO_SetValue
    .\obj\doorlock_motor.o(.text) refers to .\obj\lpc1768_utility.o(.text) for Delay
    .\obj\doorlock_motor.o(.text) refers to .\obj\doorlock_utility.o(.text) for set_EXT_IO_DIRECTION
    .\obj\doorlock_motor.o(.text) refers to .\obj\lpc1768_motor.o(.text) for Motor_Init
    .\obj\doorlock_motor.o(.text) refers to .\obj\system_lpc17xx.o(.data) for SystemCoreClock
    .\obj\doorlock_motor.o(.text) refers to .\obj\doorlock_motor.o(.bss) for motor_GPIO_SETTING
    .\obj\doorlock_motor.o(.text) refers to .\obj\doorlock_motor.o(.data) for LockerState
[...]
    lpc17xx_i2c.c                            0x00000000   Number         0  .\obj\lpc17xx_i2c.o ABSOLUTE
    lpc17xx_i2s.c                            0x00000000   Number         0  .\obj\lpc17xx_i2s.o ABSOLUTE
    lpc17xx_i2s.c                            0x00000000   Number         0  .\obj\lpc17xx_i2s.o ABSOLUTE
    lpc17xx_iap.c                            0x00000000   Number         0  .\obj\lpc17xx_iap.o ABSOLUTE
    lpc17xx_libcfg_default.c                 0x00000000   Number         0  .\obj\lpc17xx_libcfg_default.o ABSOLUTE
    lpc17xx_mcpwm.c                          0x00000000   Number         0  .\obj\lpc17xx_mcpwm.o ABSOLUTE
    lpc17xx_mcpwm.c                          0x00000000   Number         0  .\obj\lpc17xx_mcpwm.o ABSOLUTE
    lpc17xx_nvic.c                           0x00000000   Number         0  .\obj\lpc17xx_nvic.o ABSOLUTE
    lpc17xx_nvic.c                           0x00000000   Number         0  .\obj\lpc17xx_nvic.o ABSOLUTE
    lpc17xx_pinsel.c                         0x00000000   Number         0  .\obj\lpc17xx_pinsel.o ABSOLUTE
    lpc17xx_pinsel.c                         0x00000000   Number         0  .\obj\lpc17xx_pinsel.o ABSOLUTE
    lpc17xx_qei.c                            0x00000000   Number         0  .\obj\lpc17xx_qei.o ABSOLUTE
    lpc17xx_qei.c                            0x00000000   Number         0  .\obj\lpc17xx_qei.o ABSOLUTE
    lpc17xx_rit.c                            0x00000000   Number         0  .\obj\lpc17xx_rit.o ABSOLUTE
    lpc17xx_rit.c                            0x00000000   Number         0  .\obj\lpc17xx_rit.o ABSOLUTE
    lpc17xx_rtc.c                            0x00000000   Number         0  .\obj\lpc17xx_rtc.o ABSOLUTE
    lpc17xx_rtc.c                            0x00000000   Number         0  .\obj\lpc17xx_rtc.o ABSOLUTE
    lpc17xx_timer.c                          0x00000000   Number         0  .\obj\lpc17xx_timer.o ABSOLUTE
    lpc17xx_timer.c                          0x00000000   Number         0  .\obj\lpc17xx_timer.o ABSOLUTE
    lpc17xx_uart.c                           0x00000000   Number         0  .\obj\lpc17xx_uart.o ABSOLUTE
    lpc17xx_uart.c                           0x00000000   Number         0  .\obj\lpc17xx_uart.o ABSOLUTE
    lpc17xx_wdt.c                            0x00000000   Number         0  .\obj\lpc17xx_wdt.o ABSOLUTE
    lpc17xx_wdt.c                            0x00000000   Number         0  .\obj\lpc17xx_wdt.o ABSOLUTE
    main.c                                   0x00000000   Number         0  .\obj\main.o ABSOLUTE
    main.c                                   0x00000000   Number         0  .\obj\main.o ABSOLUTE
    !!!main                                  0x000000cc   Section        8  C:\Keil_v5\ARM\ARMCC\Bin\..\lib\armlib\c_w.l(__main.o)(!!!main)
    !!!scatter                               0x000000d4   Section       52  C:\Keil_v5\ARM\ARMCC\Bin\..\lib\armlib\c_w.l(__scatter.o)(!!!scatter)
    !!dclz77c                                0x00000108   Section      100  C:\Keil_v5\ARM\ARMCC\Bin\..\lib\armlib\c_w.l(__dclz77c.o)(!!dclz77c)
    !!handler_zi                             0x0000016c   Section       28  C:\Keil_v5\ARM\ARMCC\Bin\..\lib\armlib\c_w.l(__scatter_zi.o)(!!handler_zi)
    .ARM.Collect$$_printf_percent$$00000000  0x00000188   Section        0  C:\Keil_v5\ARM\ARMCC\Bin\..\lib\armlib\c_w.l(_printf_percent.o)(.ARM.Collect$$_printf_percent$$00000000)
    .ARM.Collect$$_printf_percent$$00000009  0x00000188   Section        6  C:\Keil_v5\ARM\ARMCC\Bin\..\lib\armlib\c_w.l(_printf_d.o)(.ARM.Collect$$_printf_percent$$00000009)
    .ARM.Collect$$_printf_percent$$00000014  0x0000018e   Section        6  C:\Keil_v5\ARM\ARMCC\Bin\..\lib\armlib\c_w.l(_printf_s.o)(.ARM.Collect$$_printf_percent$$00000014)
    .ARM.Collect$$_printf_percent$$00000017  0x00000194   Section        4  C:\Keil_v5\ARM\ARMCC\Bin\..\lib\armlib\c_w.l(_printf_percent_end.o)(.ARM.Collect$$_printf_percent$$00000017)
    .ARM.Collect$$libinit$$00000000          0x00000198   Section        2  C:\Keil_v5\ARM\ARMCC\Bin\..\lib\armlib\c_w.l(libinit.o)(.ARM.Collect$$libinit$$00000000)
    .ARM.Collect$$libinit$$00000002          0x0000019a   Section        0  C:\Keil_v5\ARM\ARMCC\Bin\..\lib\armlib\c_w.l(libinit2.o)(.ARM.Collect$$libinit$$00000002)
    .ARM.Collect$$libinit$$00000004          0x0000019a   Section        0  C:\Keil_v5\ARM\ARMCC\Bin\..\lib\armlib\c_w.l(libinit2.o)(.ARM.Collect$$libinit$$00000004)
    .ARM.Collect$$libinit$$0000000A          0x0000019a   Section        0  C:\Keil_v5\ARM\ARMCC\Bin\..\lib\armlib\c_w.l(libinit2.o)(.ARM.Collect$$libinit$$0000000A)
    .ARM.Collect$$libinit$$0000000C          0x0000019a   Section        0  C:\Keil_v5\ARM\ARMCC\Bin\..\lib\armlib\c_w.l(libinit2.o)(.ARM.Collect$$libinit$$0000000C)
    .ARM.Collect$$libinit$$0000000E          0x0000019a   Section        0  C:\Keil_v5\ARM\ARMCC\Bin\..\lib\armlib\c_w.l(libinit2.o)(.ARM.Collect$$libinit$$0000000E)
    .ARM.Collect$$libinit$$00000011          0x0000019a   Section        0  C:\Keil_v5\ARM\ARMCC\Bin\..\lib\armlib\c_w.l(libinit2.o)(.ARM.Collect$$libinit$$00000011)
    .ARM.Collect$$libinit$$00000013          0x0000019a   Section        0  C:\Keil_v5\ARM\ARMCC\Bin\..\lib\armlib\c_w.l(libinit2.o)(.ARM.Collect$$libinit$$00000013)
    .ARM.Collect$$libinit$$00000015          0x0000019a   Section        0  C:\Keil_v5\ARM\ARMCC\Bin\..\lib\armlib\c_w.l(libinit2.o)(.ARM.Collect$$libinit$$00000015)
    .ARM.Collect$$libinit$$00000017          0x0000019a   Section        0  C:\Keil_v5\ARM\ARMCC\Bin\..\lib\armlib\c_w.l(libinit2.o)(.ARM.Collect$$libinit$$00000017)
    .ARM.Collect$$libinit$$00000019          0x0000019a   Section        0  C:\Keil_v5\ARM\ARMCC\Bin\..\lib\armlib\c_w.l(libinit2.o)(.ARM.Collect$$libinit$$00000019)
    .ARM.Collect$$libinit$$0000001B          0x0000019a   Section        0  C:\Keil_v5\ARM\ARMCC\Bin\..\lib\armlib\c_w.l(libinit2.o)(.ARM.Collect$$libinit$$0000001B)
    .ARM.Collect$$libinit$$0000001D          0x0000019a   Section        0  C:\Keil_v5\ARM\ARMCC\Bin\..\lib\armlib\c_w.l(libinit2.o)(.ARM.Collect$$libinit$$0000001D)
    .ARM.Collect$$libinit$$0000001F          0x0000019a   Section        0  C:\Keil_v5\ARM\ARMCC\Bin\..\lib\armlib\c_w.l(libinit2.o)(.ARM.Collect$$libinit$$0000001F)
    .ARM.Collect$$libinit$$00000021          0x0000019a   Section        0  C:\Keil_v5\ARM\ARMCC\Bin\..\lib\armlib\c_w.l(libinit2.o)(.ARM.Collect$$libinit$$00000021)
    .ARM.Collect$$libinit$$00000023          0x0000019a   Section        0  C:\Keil_v5\ARM\ARMCC\Bin\..\lib\armlib\c_w.l(libinit2.o)(.ARM.Collect$$libinit$$00000023)
    .ARM.Collect$$libinit$$00000025          0x0000019a   Section        0  C:\Keil_v5\ARM\ARMCC\Bin\..\lib\armlib\c_w.l(libinit2.o)(.ARM.Collect$$libinit$$00000025)
    .ARM.Collect$$libinit$$0000002C          0x0000019a   Section        0  C:\Keil_v5\ARM\ARMCC\Bin\..\lib\armlib\c_w.l(libinit2.o)(.ARM.Collect$$libinit$$0000002C)
    .ARM.Collect$$libinit$$0000002E          0x0000019a   Section        0  C:\Keil_v5\ARM\ARMCC\Bin\..\lib\armlib\c_w.l(libinit2.o)(.ARM.Collect$$libinit$$0000002E)
    .ARM.Collect$$libinit$$00000030          0x0000019a   Section        0  C:\Keil_v5\ARM\ARMCC\Bin\..\lib\armlib\c_w.l(libinit2.o)(.ARM.Collect$$libinit$$00000030)
    .ARM.Collect$$libinit$$00000032          0x0000019a   Section        0  C:\Keil_v5\ARM\ARMCC\Bin\..\lib\armlib\c_w.l(libinit2.o)(.ARM.Collect$$libinit$$00000032)
    .ARM.Collect$$libinit$$00000033          0x0000019a   Section        2  C:\Keil_v5\ARM\ARMCC\Bin\..\lib\armlib\c_w.l(libinit2.o)(.ARM.Collect$$libinit$$00000033)
    .ARM.Collect$$libshutdown$$00000000      0x0000019c   Section        2  C:\Keil_v5\ARM\ARMCC\Bin\..\lib\armlib\c_w.l(libshutdown.o)(.ARM.Collect$$libshutdown$$00000000)
    .ARM.Collect$$libshutdown$$00000002      0x0000019e   Section        0  C:\Keil_v5\ARM\ARMCC\Bin\..\lib\armlib\c_w.l(libshutdown2.o)(.ARM.Collect$$libshutdown$$00000002)
    .ARM.Collect$$libshutdown$$00000004      0x0000019e   Section        0  C:\Keil_v5\ARM\ARMCC\Bin\..\lib\armlib\c_w.l(libshutdown2.o)(.ARM.Collect$$libshutdown$$00000004)
    .ARM.Collect$$libshutdown$$00000007      0x0000019e   Section        0  C:\Keil_v5\ARM\ARMCC\Bin\..\lib\armlib\c_w.l(libshutdown2.o)(.ARM.Collect$$libshutdown$$00000007)
    .ARM.Collect$$libshutdown$$0000000A      0x0000019e   Section        0  C:\Keil_v5\ARM\ARMCC\Bin\..\lib\armlib\c_w.l(libshutdown2.o)(.ARM.Collect$$libshutdown$$0000000A)
    .ARM.Collect$$libshutdown$$0000000C      0x0000019e   Section        0  C:\Keil_v5\ARM\ARMCC\Bin\..\lib\armlib\c_w.l(libshutdown2.o)(.ARM.Collect$$libshutdown$$0000000C)
    .ARM.Collect$$libshutdown$$0000000F      0x0000019e   Section        0  C:\Keil_v5\ARM\ARMCC\Bin\..\lib\armlib\c_w.l(libshutdown2.o)(.ARM.Collect$$libshutdown$$0000000F)
    .ARM.Collect$$libshutdown$$00000010      0x0000019e   Section        2  C:\Keil_v5\ARM\ARMCC\Bin\..\lib\armlib\c_w.l(libshutdown2.o)(.ARM.Collect$$libshutdown$$00000010)
    .ARM.Collect$$rtentry$$00000000          0x000001a0   Section        0  C:\Keil_v5\ARM\ARMCC\Bin\..\lib\armlib\c_w.l(__rtentry.o)(.ARM.Collect$$rtentry$$00000000)
    .ARM.Collect$$rtentry$$00000002          0x000001a0   Section        0  C:\Keil_v5\ARM\ARMCC\Bin\..\lib\armlib\c_w.l(__rtentry2.o)(.ARM.Collect$$rtentry$$00000002)
    .ARM.Collect$$rtentry$$00000004          0x000001a0   Section        6  C:\Keil_v5\ARM\ARMCC\Bin\..\lib\armlib\c_w.l(__rtentry4.o)(.ARM.Collect$$rtentry$$00000004)
    .ARM.Collect$$rtentry$$00000009          0x000001a6   Section        0  C:\Keil_v5\ARM\ARMCC\Bin\..\lib\armlib\c_w.l(__rtentry2.o)(.ARM.Collect$$rtentry$$00000009)
    .ARM.Collect$$rtentry$$0000000A          0x000001a6   Section        4  C:\Keil_v5\ARM\ARMCC\Bin\..\lib\armlib\c_w.l(__rtentry2.o)(.ARM.Collect$$rtentry$$0000000A)
    .ARM.Collect$$rtentry$$0000000C          0x000001aa   Section        0  C:\Keil_v5\ARM\ARMCC\Bin\..\lib\armlib\c_w.l(__rtentry2.o)(.ARM.Collect$$rtentry$$0000000C)
    .ARM.Collect$$rtentry$$0000000D          0x000001aa   Section        8  C:\Keil_v5\ARM\ARMCC\Bin\..\lib\armlib\c_w.l(__rtentry2.o)(.ARM.Collect$$rtentry$$0000000D)
    .ARM.Collect$$rtexit$$00000000           0x000001b2   Section        2  C:\Keil_v5\ARM\ARMCC\Bin\..\lib\armlib\c_w.l(rtexit.o)(.ARM.Collect$$rtexit$$00000000)
    .ARM.Collect$$rtexit$$00000002           0x000001b4   Section        0  C:\Keil_v5\ARM\ARMCC\Bin\..\lib\armlib\c_w.l(rtexit2.o)(.ARM.Collect$$rtexit$$00000002)
    .ARM.Collect$$rtexit$$00000003           0x000001b4   Section        4  C:\Keil_v5\ARM\ARMCC\Bin\..\lib\armlib\c_w.l(rtexit2.o)(.ARM.Collect$$rtexit$$00000003)
    .ARM.Collect$$rtexit$$00000004           0x000001b8   Section        6  C:\Keil_v5\ARM\ARMCC\Bin\..\lib\armlib\c_w.l(rtexit2.o)(.ARM.Collect$$rtexit$$00000004)
    .text                                    0x000001c0   Section       60  .\obj\startup_lpc17xx.o(.text)
    .text                                    0x000001fc   Section        0  .\obj\main.o(.text)
    .text                                    0x000002b8   Section        0  .\obj\lpc17xx_libcfg_default.o(.text)
    .text                                    0x000002bc   Section        0  .\obj\lpc1768_motor.o(.text)
    .text                                    0x000002f0   Section        0  C:\Keil_v5\ARM\ARMCC\Bin\..\lib\armlib\c_w.l(strtok.o)(.text)
    .ARM.__at_0x02FC                         0x000002fc   Section        4  .\obj\startup_lpc17xx.o(.ARM.__at_0x02FC)
    .text                                    0x00000300   Section        0  .\obj\system_lpc17xx.o(.text)
    .text                                    0x000005ec   Section        0  .\obj\glcd.o(.text)
    delay                                    0x000005ed   Thumb Code    14  .\obj\glcd.o(.text)
    wr_cmd                                   0x000005fb   Thumb Code    36  .\obj\glcd.o(.text)
    wr_dat                                   0x0000061f   Thumb Code    38  .\obj\glcd.o(.text)
    wr_pixel                                 0x00000645   Thumb Code    50  .\obj\glcd.o(.text)
    GLCD_SetX                                0x0000092d   Thumb Code    50  .\obj\glcd.o(.text)
    GLCD_SetY                                0x0000095f   Thumb Code    50  .\obj\glcd.o(.text)
    ssp_send                                 0x00000b15   Thumb Code    32  .\obj\glcd.o(.text)
    .text                                    0x00000b5c   Section        0  .\obj\doorlock_keypad.o(.text)
    .text                                    0x000010b4   Section        0  .\obj\doorlock_lcd.o(.text)
    .text                                    0x00001570   Section        0  .\obj\doorlock_motor.o(.text)
    .text                                    0x00001738   Section        0  .\obj\doorlock_uart.o(.text)
    .text                                    0x00001d50   Section        0  .\obj\doorlock_utility.o(.text)
    .text                                    0x00001e64   Section        0  .\obj\doorlock_data.o(.text)
    .text                                    0x000020f4   Section        0  .\obj\debug_frmwrk.o(.text)
    .text                                    0x00002518   Section        0  .\obj\lpc17xx_clkpwr.o(.text)
    .text                                    0x00002658   Section        0  .\obj\lpc17xx_gpio.o(.text)
    GPIO_GetPointer                          0x00002659   Thumb Code    52  .\obj\lpc17xx_gpio.o(.text)
    FIO_HalfWordGetPointer                   0x0000268d   Thumb Code    52  .\obj\lpc17xx_gpio.o(.text)
    FIO_ByteGetPointer                       0x000026c1   Thumb Code    52  .\obj\lpc17xx_gpio.o(.text)
    .text                                    0x00002a64   Section        0  .\obj\lpc17xx_pinsel.o(.text)
    set_PinFunc                              0x00002a65   Thumb Code    60  .\obj\lpc17xx_pinsel.o(.text)
    set_ResistorMode                         0x00002aa1   Thumb Code    62  .\obj\lpc17xx_pinsel.o(.text)
    set_OpenDrainMode                        0x00002adf   Thumb Code    44  .\obj\lpc17xx_pinsel.o(.text)
    .text                                    0x00002b84   Section        0  .\obj\lpc17xx_timer.o(.text)
    getPClock                                0x00002b85   Thumb Code    66  .\obj\lpc17xx_timer.o(.text)
    converUSecToVal                          0x00002bc7   Thumb Code    50  .\obj\lpc17xx_timer.o(.text)
    converPtrToTimeNum                       0x00002bf9   Thumb Code    46  .\obj\lpc17xx_timer.o(.text)
    .text                                    0x000031d8   Section        0  .\obj\lpc17xx_uart.o(.text)
    uart_set_divisors                        0x000031d9   Thumb Code   464  .\obj\lpc17xx_uart.o(.text)
    .text                                    0x00004064   Section        0  .\obj\lpc1768_utility.o(.text)
    .text                                    0x0000441c   Section      238  C:\Keil_v5\ARM\ARMCC\Bin\..\lib\armlib\c_w.l(lludivv7m.o)(.text)
    .text                                    0x0000450c   Section        0  C:\Keil_v5\ARM\ARMCC\Bin\..\lib\armlib\c_w.l(noretval__2sprintf.o)(.text)
    .text                                    0x00004534   Section        0  C:\Keil_v5\ARM\ARMCC\Bin\..\lib\armlib\c_w.l(_printf_pad.o)(.text)
    .text                                    0x00004582   Section        0  C:\Keil_v5\ARM\ARMCC\Bin\..\lib\armlib\c_w.l(_printf_str.o)(.text)
    .text                                    0x000045d4   Section        0  C:\Keil_v5\ARM\ARMCC\Bin\..\lib\armlib\c_w.l(_printf_dec.o)(.text)
    .text                                    0x0000464c   Section        0  C:\Keil_v5\ARM\ARMCC\Bin\..\lib\armlib\c_w.l(__printf_wp.o)(.text)
    .text                                    0x0000475a   Section        0  C:\Keil_v5\ARM\ARMCC\Bin\..\lib\armlib\c_w.l(strcpy.o)(.text)
    .text                                    0x000047a2   Section        0  C:\Keil_v5\ARM\ARMCC\Bin\..\lib\armlib\c_w.l(strlen.o)(.text)
    .text                                    0x000047e0   Section       68  C:\Keil_v5\ARM\ARMCC\Bin\..\lib\armlib\c_w.l(rt_memclr.o)(.text)
    .text                                    0x00004824   Section       78  C:\Keil_v5\ARM\ARMCC\Bin\..\lib\armlib\c_w.l(rt_memclr_w.o)(.text)
    .text                                    0x00004874   Section      128  C:\Keil_v5\ARM\ARMCC\Bin\..\lib\armlib\c_w.l(strcmpv7m.o)(.text)
    .text                                    0x000048f4   Section        0  C:\Keil_v5\ARM\ARMCC\Bin\..\lib\armlib\c_w.l(heapauxi.o)(.text)
    .text                                    0x000048fa   Section        0  C:\Keil_v5\ARM\ARMCC\Bin\..\lib\armlib\c_w.l(_printf_intcommon.o)(.text)
    .text                                    0x000049ac   Section        0  C:\Keil_v5\ARM\ARMCC\Bin\..\lib\armlib\c_w.l(_printf_char_common.o)(.text)
    _printf_input_char                       0x000049ad   Thumb Code    10  C:\Keil_v5\ARM\ARMCC\Bin\..\lib\armlib\c_w.l(_printf_char_common.o)(.text)
    .text                                    0x000049dc   Section        0  C:\Keil_v5\ARM\ARMCC\Bin\..\lib\armlib\c_w.l(_sputc.o)(.text)
    .text                                    0x000049e6   Section        0  C:\Keil_v5\ARM\ARMCC\Bin\..\lib\armlib\c_w.l(_printf_char.o)(.text)
    .text                                    0x00004a14   Section        0  C:\Keil_v5\ARM\ARMCC\Bin\..\lib\armlib\c_w.l(strtok_int.o)(.text)
    .text                                    0x00004a58   Section        0  C:\Keil_v5\ARM\ARMCC\Bin\..\lib\armlib\c_w.l(strcspn.o)(.text)
    .text                                    0x00004a78   Section        0  C:\Keil_v5\ARM\ARMCC\Bin\..\lib\armlib\c_w.l(strspn.o)(.text)
    .text                                    0x00004a94   Section       74  C:\Keil_v5\ARM\ARMCC\Bin\..\lib\armlib\c_w.l(sys_stackheap_outer.o)(.text)
    .text                                    0x00004ade   Section        0  C:\Keil_v5\ARM\ARMCC\Bin\..\lib\armlib\c_w.l(exit.o)(.text)
    .text                                    0x00004af0   Section        8  C:\Keil_v5\ARM\ARMCC\Bin\..\lib\armlib\c_w.l(libspace.o)(.text)
    .text                                    0x00004af8   Section        0  C:\Keil_v5\ARM\ARMCC\Bin\..\lib\armlib\c_w.l(sys_exit.o)(.text)
    .text                                    0x00004b04   Section        2  C:\Keil_v5\ARM\ARMCC\Bin\..\lib\armlib\c_w.l(use_no_semi.o)(.text)
    .text                                    0x00004b06   Section        0  C:\Keil_v5\ARM\ARMCC\Bin\..\lib\armlib\c_w.l(indicate_semi.o)(.text)
    i._is_digit                              0x00004b06   Section        0  C:\Keil_v5\ARM\ARMCC\Bin\..\lib\armlib\c_w.l(__printf_wp.o)(i._is_digit)
    .data                                    0x10000000   Section        4  .\obj\system_lpc17xx.o(.data)
    .data                                    0x10000004   Section        8  .\obj\main.o(.data)
    .data                                    0x1000000c   Section     5380  .\obj\glcd.o(.data)
    TextColor                                0x1000150c   Data           2  .\obj\glcd.o(.data)
    BackColor                                0x1000150e   Data           2  .\obj\glcd.o(.data)
    .data                                    0x10001510   Section        4  .\obj\doorlock_keypad.o(.data)
    .data                                    0x10001514   Section        4  .\obj\doorlock_lcd.o(.data)
    .data                                    0x10001518   Section        8  .\obj\doorlock_motor.o(.data)
    .data                                    0x10001520   Section       12  .\obj\doorlock_uart.o(.data)
    .data                                    0x1000152c   Section      108  .\obj\doorlock_data.o(.data)
    .data                                    0x10001598   Section       40  .\obj\debug_frmwrk.o(.data)
    .data                                    0x100015c0   Section        8  .\obj\lpc1768_utility.o(.data)
    .data                                    0x100015c8   Section        4  C:\Keil_v5\ARM\ARMCC\Bin\..\lib\armlib\c_w.l(strtok.o)(.data)
    _strtok_saves1                           0x100015c8   Data           4  C:\Keil_v5\ARM\ARMCC\Bin\..\lib\armlib\c_w.l(strtok.o)(.data)
    .bss                                     0x100015cc   Section       12  .\obj\main.o(.bss)
    .bss                                     0x100015d8   Section      176  .\obj\doorlock_keypad.o(.bss)
    .bss                                     0x10001688   Section      160  .\obj\doorlock_motor.o(.bss)
    .bss                                     0x10001728   Section      100  .\obj\doorlock_uart.o(.bss)
    .bss                                     0x1000178c   Section       16  .\obj\doorlock_data.o(.bss)
    .bss                                     0x1000179c   Section       96  C:\Keil_v5\ARM\ARMCC\Bin\..\lib\armlib\c_w.l(libspace.o)(.bss)
    HEAP                                     0x10001800   Section        0  .\obj\startup_lpc17xx.o(HEAP)
    STACK                                    0x10001800   Section      512  .\obj\startup_lpc17xx.o(STACK)
    Heap_Mem                                 0x10001800   Data           0  .\obj\startup_lpc17xx.o(HEAP)
    Stack_Mem                                0x10001800   Data         512  .\obj\startup_lpc17xx.o(STACK)
    __initial_sp                             0x10001a00   Data           0  .\obj\startup_lpc17xx.o(STACK)

    Global Symbols

    Symbol Name                              Value     Ov Type        Size  Object(Section)

    BuildAttributes$$THM_ISAv4$P$D$K$B$S$PE$A:L22UL41UL21$X:L11$S22US41US21$IEEE1$IW$USESV6$~STKCKD$USESV7$~SHL$OSPACE$ROPI$EBA8$UX$STANDARDLIB$REQ8$PRES8$EABIv2 0x00000000   Number         0  anon$$obj.o ABSOLUTE
    __ARM_use_no_argv                        0x00000000   Number         0  .\obj\main.o ABSOLUTE
    __Vectors                                0x00000000   Data           4  .\obj\startup_lpc17xx.o(RESET)
    _printf_flags                            0x00000000   Number         0  C:\Keil_v5\ARM\ARMCC\Bin\..\lib\armlib\c_w.l(printf_stubs.o) ABSOLUTE
    _printf_return_value                     0x00000000   Number         0  C:\Keil_v5\ARM\ARMCC\Bin\..\lib\armlib\c_w.l(printf_stubs.o) ABSOLUTE
    _printf_sizespec                         0x00000000   Number         0  C:\Keil_v5\ARM\ARMCC\Bin\..\lib\armlib\c_w.l(printf_stubs.o) ABSOLUTE
    _printf_widthprec                        0x00000000   Number         0  C:\Keil_v5\ARM\ARMCC\Bin\..\lib\armlib\c_w.l(printf_stubs.o) ABSOLUTE
    __ARM_exceptions_init                     - Undefined Weak Reference
    __alloca_initialize                       - Undefined Weak Reference
    __arm_preinit_                            - Undefined Weak Reference
    __cpp_initialize__aeabi_                  - Undefined Weak Reference
    __cxa_finalize                            - Undefined Weak Reference
    __rt_locale                               - Undefined Weak Reference
    __sigvec_lookup                           - Undefined Weak Reference
    _atexit_init                              - Undefined Weak Reference
    _call_atexit_fns                          - Undefined Weak Reference
    _clock_init                               - Undefined Weak Reference
    _fp_trap_init                             - Undefined Weak Reference
    _fp_trap_shutdown                         - Undefined Weak Reference
    _get_lc_collate                           - Undefined Weak Reference
    _get_lc_ctype                             - Undefined Weak Reference
    _get_lc_monetary                          - Undefined Weak Reference
    _get_lc_numeric                           - Undefined Weak Reference
    _get_lc_time                              - Undefined Weak Reference
    _getenv_init                              - Undefined Weak Reference
    _handle_redirection                       - Undefined Weak Reference
    _init_alloc                               - Undefined Weak Reference
    _init_user_alloc                          - Undefined Weak Reference
    _initio                                   - Undefined Weak Reference
    _printf_mbtowc                            - Undefined Weak Reference
    _printf_truncate_signed                   - Undefined Weak Reference
    _printf_truncate_unsigned                 - Undefined Weak Reference
    _rand_init                                - Undefined Weak Reference
    _signal_finish                            - Undefined Weak Reference
    _signal_init                              - Undefined Weak Reference
    _terminate_alloc                          - Undefined Weak Reference
    _terminate_user_alloc                     - Undefined Weak Reference
    _terminateio                              - Undefined Weak Reference
    __main                                   0x000000cd   Thumb Code     8  C:\Keil_v5\ARM\ARMCC\Bin\..\lib\armlib\c_w.l(__main.o)(!!!main)
    __scatterload                            0x000000d5   Thumb Code     0  C:\Keil_v5\ARM\ARMCC\Bin\..\lib\armlib\c_w.l(__scatter.o)(!!!scatter)
    __scatterload_rt2                        0x000000d5   Thumb Code    44  C:\Keil_v5\ARM\ARMCC\Bin\..\lib\armlib\c_w.l(__scatter.o)(!!!scatter)
    __scatterload_rt2_thumb_only             0x000000d5   Thumb Code     0  C:\Keil_v5\ARM\ARMCC\Bin\..\lib\armlib\c_w.l(__scatter.o)(!!!scatter)
    __scatterload_null                       0x000000e3   Thumb Code     0  C:\Keil_v5\ARM\ARMCC\Bin\..\lib\armlib\c_w.l(__scatter.o)(!!!scatter)
    __decompress                             0x00000109   Thumb Code   100  C:\Keil_v5\ARM\ARMCC\Bin\..\lib\armlib\c_w.l(__dclz77c.o)(!!dclz77c)
    __decompress2                            0x00000109   Thumb Code     0  C:\Keil_v5\ARM\ARMCC\Bin\..\lib\armlib\c_w.l(__dclz77c.o)(!!dclz77c)
    __scatterload_zeroinit                   0x0000016d   Thumb Code    28  C:\Keil_v5\ARM\ARMCC\Bin\..\lib\armlib\c_w.l(__scatter_zi.o)(!!handler_zi)
    _printf_d                                0x00000189   Thumb Code     0  C:\Keil_v5\ARM\ARMCC\Bin\..\lib\armlib\c_w.l(_printf_d.o)(.ARM.Collect$$_printf_percent$$00000009)
    _printf_percent                          0x00000189   Thumb Code     0  C:\Keil_v5\ARM\ARMCC\Bin\..\lib\armlib\c_w.l(_printf_percent.o)(.ARM.Collect$$_printf_percent$$00000000)
    _printf_s                                0x0000018f   Thumb Code     0  C:\Keil_v5\ARM\ARMCC\Bin\..\lib\armlib\c_w.l(_printf_s.o)(.ARM.Collect$$_printf_percent$$00000014)
    _printf_percent_end                      0x00000195   Thumb Code     0  C:\Keil_v5\ARM\ARMCC\Bin\..\lib\armlib\c_w.l(_printf_percent_end.o)(.ARM.Collect$$_printf_percent$$00000017)
    __rt_lib_init                            0x00000199   Thumb Code     0  C:\Keil_v5\ARM\ARMCC\Bin\..\lib\armlib\c_w.l(libinit.o)(.ARM.Collect$$libinit$$00000000)
    __rt_lib_init_alloca_1                   0x0000019b   Thumb Code     0  C:\Keil_v5\ARM\ARMCC\Bin\..\lib\armlib\c_w.l(libinit2.o)(.ARM.Collect$$libinit$$0000002E)
    __rt_lib_init_argv_1                     0x0000019b   Thumb Code     0  C:\Keil_v5\ARM\ARMCC\Bin\..\lib\armlib\c_w.l(libinit2.o)(.ARM.Collect$$libinit$$0000002C)
    __rt_lib_init_atexit_1                   0x0000019b   Thumb Code     0  C:\Keil_v5\ARM\ARMCC\Bin\..\lib\armlib\c_w.l(libinit2.o)(.ARM.Collect$$libinit$$0000001B)
    __rt_lib_init_clock_1                    0x0000019b   Thumb Code     0  C:\Keil_v5\ARM\ARMCC\Bin\..\lib\armlib\c_w.l(libinit2.o)(.ARM.Collect$$libinit$$00000021)
    __rt_lib_init_cpp_1                      0x0000019b   Thumb Code     0  C:\Keil_v5\ARM\ARMCC\Bin\..\lib\armlib\c_w.l(libinit2.o)(.ARM.Collect$$libinit$$00000032)
    __rt_lib_init_exceptions_1               0x0000019b   Thumb Code     0  C:\Keil_v5\ARM\ARMCC\Bin\..\lib\armlib\c_w.l(libinit2.o)(.ARM.Collect$$libinit$$00000030)
    __rt_lib_init_fp_1                       0x0000019b   Thumb Code     0  C:\Keil_v5\ARM\ARMCC\Bin\..\lib\armlib\c_w.l(libinit2.o)(.ARM.Collect$$libinit$$00000002)
    __rt_lib_init_fp_trap_1                  0x0000019b   Thumb Code     0  C:\Keil_v5\ARM\ARMCC\Bin\..\lib\armlib\c_w.l(libinit2.o)(.ARM.Collect$$libinit$$0000001F)
    __rt_lib_init_getenv_1                   0x0000019b   Thumb Code     0  C:\Keil_v5\ARM\ARMCC\Bin\..\lib\armlib\c_w.l(libinit2.o)(.ARM.Collect$$libinit$$00000023)
    __rt_lib_init_heap_1                     0x0000019b   Thumb Code     0  C:\Keil_v5\ARM\ARMCC\Bin\..\lib\armlib\c_w.l(libinit2.o)(.ARM.Collect$$libinit$$0000000A)
    __rt_lib_init_lc_collate_1               0x0000019b   Thumb Code     0  C:\Keil_v5\ARM\ARMCC\Bin\..\lib\armlib\c_w.l(libinit2.o)(.ARM.Collect$$libinit$$00000011)
    __rt_lib_init_lc_ctype_1                 0x0000019b   Thumb Code     0  C:\Keil_v5\ARM\ARMCC\Bin\..\lib\armlib\c_w.l(libinit2.o)(.ARM.Collect$$libinit$$00000013)
    __rt_lib_init_lc_monetary_1              0x0000019b   Thumb Code     0  C:\Keil_v5\ARM\ARMCC\Bin\..\lib\armlib\c_w.l(libinit2.o)(.ARM.Collect$$libinit$$00000015)
    __rt_lib_init_lc_numeric_1               0x0000019b   Thumb Code     0  C:\Keil_v5\ARM\ARMCC\Bin\..\lib\armlib\c_w.l(libinit2.o)(.ARM.Collect$$libinit$$00000017)
    __rt_lib_init_lc_time_1                  0x0000019b   Thumb Code     0  C:\Keil_v5\ARM\ARMCC\Bin\..\lib\armlib\c_w.l(libinit2.o)(.ARM.Collect$$libinit$$00000019)
    __rt_lib_init_preinit_1                  0x0000019b   Thumb Code     0  C:\Keil_v5\ARM\ARMCC\Bin\..\lib\armlib\c_w.l(libinit2.o)(.ARM.Collect$$libinit$$00000004)
    __rt_lib_init_rand_1                     0x0000019b   Thumb Code     0  C:\Keil_v5\ARM\ARMCC\Bin\..\lib\armlib\c_w.l(libinit2.o)(.ARM.Collect$$libinit$$0000000E)
    __rt_lib_init_return                     0x0000019b   Thumb Code     0  C:\Keil_v5\ARM\ARMCC\Bin\..\lib\armlib\c_w.l(libinit2.o)(.ARM.Collect$$libinit$$00000033)
    __rt_lib_init_signal_1                   0x0000019b   Thumb Code     0  C:\Keil_v5\ARM\ARMCC\Bin\..\lib\armlib\c_w.l(libinit2.o)(.ARM.Collect$$libinit$$0000001D)
    __rt_lib_init_stdio_1                    0x0000019b   Thumb Code     0  C:\Keil_v5\ARM\ARMCC\Bin\..\lib\armlib\c_w.l(libinit2.o)(.ARM.Collect$$libinit$$00000025)
    __rt_lib_init_user_alloc_1               0x0000019b   Thumb Code     0  C:\Keil_v5\ARM\ARMCC\Bin\..\lib\armlib\c_w.l(libinit2.o)(.ARM.Collect$$libinit$$0000000C)
    __rt_lib_shutdown                        0x0000019d   Thumb Code     0  C:\Keil_v5\ARM\ARMCC\Bin\..\lib\armlib\c_w.l(libshutdown.o)(.ARM.Collect$$libshutdown$$00000000)
    __rt_lib_shutdown_cpp_1                  0x0000019f   Thumb Code     0  C:\Keil_v5\ARM\ARMCC\Bin\..\lib\armlib\c_w.l(libshutdown2.o)(.ARM.Collect$$libshutdown$$00000002)
    __rt_lib_shutdown_fp_trap_1              0x0000019f   Thumb Code     0  C:\Keil_v5\ARM\ARMCC\Bin\..\lib\armlib\c_w.l(libshutdown2.o)(.ARM.Collect$$libshutdown$$00000007)
    __rt_lib_shutdown_heap_1                 0x0000019f   Thumb Code     0  C:\Keil_v5\ARM\ARMCC\Bin\..\lib\armlib\c_w.l(libshutdown2.o)(.ARM.Collect$$libshutdown$$0000000F)
    __rt_lib_shutdown_return                 0x0000019f   Thumb Code     0  C:\Keil_v5\ARM\ARMCC\Bin\..\lib\armlib\c_w.l(libshutdown2.o)(.ARM.Collect$$libshutdown$$00000010)
    __rt_lib_shutdown_signal_1               0x0000019f   Thumb Code     0  C:\Keil_v5\ARM\ARMCC\Bin\..\lib\armlib\c_w.l(libshutdown2.o)(.ARM.Collect$$libshutdown$$0000000A)
    __rt_lib_shutdown_stdio_1                0x0000019f   Thumb Code     0  C:\Keil_v5\ARM\ARMCC\Bin\..\lib\armlib\c_w.l(libshutdown2.o)(.ARM.Collect$$libshutdown$$00000004)
    __rt_lib_shutdown_user_alloc_1           0x0000019f   Thumb Code     0  C:\Keil_v5\ARM\ARMCC\Bin\..\lib\armlib\c_w.l(libshutdown2.o)(.ARM.Collect$$libshutdown$$0000000C)
    __rt_entry                               0x000001a1   Thumb Code     0  C:\Keil_v5\ARM\ARMCC\Bin\..\lib\armlib\c_w.l(__rtentry.o)(.ARM.Collect$$rtentry$$00000000)
    __rt_entry_presh_1                       0x000001a1   Thumb Code     0  C:\Keil_v5\ARM\ARMCC\Bin\..\lib\armlib\c_w.l(__rtentry2.o)(.ARM.Collect$$rtentry$$00000002)
    __rt_entry_sh                            0x000001a1   Thumb Code     0  C:\Keil_v5\ARM\ARMCC\Bin\..\lib\armlib\c_w.l(__rtentry4.o)(.ARM.Collect$$rtentry$$00000004)
    __rt_entry_li                            0x000001a7   Thumb Code     0  C:\Keil_v5\ARM\ARMCC\Bin\..\lib\armlib\c_w.l(__rtentry2.o)(.ARM.Collect$$rtentry$$0000000A)
    __rt_entry_postsh_1                      0x000001a7   Thumb Code     0  C:\Keil_v5\ARM\ARMCC\Bin\..\lib\armlib\c_w.l(__rtentry2.o)(.ARM.Collect$$rtentry$$00000009)
    __rt_entry_main                          0x000001ab   Thumb Code     0  C:\Keil_v5\ARM\ARMCC\Bin\..\lib\armlib\c_w.l(__rtentry2.o)(.ARM.Collect$$rtentry$$0000000D)
    __rt_entry_postli_1                      0x000001ab   Thumb Code     0  C:\Keil_v5\ARM\ARMCC\Bin\..\lib\armlib\c_w.l(__rtentry2.o)(.ARM.Collect$$rtentry$$0000000C)
    __rt_exit                                0x000001b3   Thumb Code     0  C:\Keil_v5\ARM\ARMCC\Bin\..\lib\armlib\c_w.l(rtexit.o)(.ARM.Collect$$rtexit$$00000000)
    __rt_exit_ls                             0x000001b5   Thumb Code     0  C:\Keil_v5\ARM\ARMCC\Bin\..\lib\armlib\c_w.l(rtexit2.o)(.ARM.Collect$$rtexit$$00000003)
    __rt_exit_prels_1                        0x000001b5   Thumb Code     0  C:\Keil_v5\ARM\ARMCC\Bin\..\lib\armlib\c_w.l(rtexit2.o)(.ARM.Collect$$rtexit$$00000002)
    __rt_exit_exit                           0x000001b9   Thumb Code     0  C:\Keil_v5\ARM\ARMCC\Bin\..\lib\armlib\c_w.l(rtexit2.o)(.ARM.Collect$$rtexit$$00000004)
    Reset_Handler                            0x000001c1   Thumb Code     8  .\obj\startup_lpc17xx.o(.text)
    NMI_Handler                              0x000001c9   Thumb Code     2  .\obj\startup_lpc17xx.o(.text)
    HardFault_Handler                        0x000001cb   Thumb Code     2  .\obj\startup_lpc17xx.o(.text)
    MemManage_Handler                        0x000001cd   Thumb Code     2  .\obj\startup_lpc17xx.o(.text)
    BusFault_Handler                         0x000001cf   Thumb Code     2  .\obj\startup_lpc17xx.o(.text)
    UsageFault_Handler                       0x000001d1   Thumb Code     2  .\obj\startup_lpc17xx.o(.text)
    SVC_Handler                              0x000001d3   Thumb Code     2  .\obj\startup_lpc17xx.o(.text)
    DebugMon_Handler                         0x000001d5   Thumb Code     2  .\obj\startup_lpc17xx.o(.text)
    PendSV_Handler                           0x000001d7   Thumb Code     2  .\obj\startup_lpc17xx.o(.text)
    SysTick_Handler                          0x000001d9   Thumb Code     2  .\obj\startup_lpc17xx.o(.text)
    ADC_IRQHandler                           0x000001db   Thumb Code     0  .\obj\startup_lpc17xx.o(.text)
    BOD_IRQHandler                           0x000001db   Thumb Code     0  .\obj\startup_lpc17xx.o(.text)
    CANActivity_IRQHandler                   0x000001db   Thumb Code     0  .\obj\startup_lpc17xx.o(.text)
    CAN_IRQHandler                           0x000001db   Thumb Code     0  .\obj\startup_lpc17xx.o(.text)
    DMA_IRQHandler                           0x000001db   Thumb Code     0  .\obj\startup_lpc17xx.o(.text)
    EINT0_IRQHandler                         0x000001db   Thumb Code     0  .\obj\startup_lpc17xx.o(.text)
    EINT1_IRQHandler                         0x000001db   Thumb Code     0  .\obj\startup_lpc17xx.o(.text)
    EINT2_IRQHandler                         0x000001db   Thumb Code     0  .\obj\startup_lpc17xx.o(.text)
    EINT3_IRQHandler                         0x000001db   Thumb Code     0  .\obj\startup_lpc17xx.o(.text)
    ENET_IRQHandler                          0x000001db   Thumb Code     0  .\obj\startup_lpc17xx.o(.text)
    I2C0_IRQHandler                          0x000001db   Thumb Code     0  .\obj\startup_lpc17xx.o(.text)
    I2C1_IRQHandler                          0x000001db   Thumb Code     0  .\obj\startup_lpc17xx.o(.text)
    I2C2_IRQHandler                          0x000001db   Thumb Code     0  .\obj\startup_lpc17xx.o(.text)
    I2S_IRQHandler                           0x000001db   Thumb Code     0  .\obj\startup_lpc17xx.o(.text)
    MCPWM_IRQHandler                         0x000001db   Thumb Code     0  .\obj\startup_lpc17xx.o(.text)
    PLL0_IRQHandler                          0x000001db   Thumb Code     0  .\obj\startup_lpc17xx.o(.text)
    PLL1_IRQHandler                          0x000001db   Thumb Code     0  .\obj\startup_lpc17xx.o(.text)
    PWM1_IRQHandler                          0x000001db   Thumb Code     0  .\obj\startup_lpc17xx.o(.text)
    QEI_IRQHandler                           0x000001db   Thumb Code     0  .\obj\startup_lpc17xx.o(.text)
    RIT_IRQHandler                           0x000001db   Thumb Code     0  .\obj\startup_lpc17xx.o(.text)
    RTC_IRQHandler                           0x000001db   Thumb Code     0  .\obj\startup_lpc17xx.o(.text)
    SPI_IRQHandler                           0x000001db   Thumb Code     0  .\obj\startup_lpc17xx.o(.text)
    SSP0_IRQHandler                          0x000001db   Thumb Code     0  .\obj\startup_lpc17xx.o(.text)
    SSP1_IRQHandler                          0x000001db   Thumb Code     0  .\obj\startup_lpc17xx.o(.text)
    TIMER1_IRQHandler                        0x000001db   Thumb Code     0  .\obj\startup_lpc17xx.o(.text)
    TIMER2_IRQHandler                        0x000001db   Thumb Code     0  .\obj\startup_lpc17xx.o(.text)
    TIMER3_IRQHandler                        0x000001db   Thumb Code     0  .\obj\startup_lpc17xx.o(.text)
    UART0_IRQHandler                         0x000001db   Thumb Code     0  .\obj\startup_lpc17xx.o(.text)
    UART1_IRQHandler                         0x000001db   Thumb Code     0  .\obj\startup_lpc17xx.o(.text)
    UART2_IRQHandler                         0x000001db   Thumb Code     0  .\obj\startup_lpc17xx.o(.text)
    UART3_IRQHandler                         0x000001db   Thumb Code     0  .\obj\startup_lpc17xx.o(.text)
    USBActivity_IRQHandler                   0x000001db   Thumb Code     0  .\obj\startup_lpc17xx.o(.text)
    USB_IRQHandler                           0x000001db   Thumb Code     0  .\obj\startup_lpc17xx.o(.text)
    WDT_IRQHandler                           0x000001db   Thumb Code     0  .\obj\startup_lpc17xx.o(.text)
    __user_initial_stackheap                 0x000001dd   Thumb Code     0  .\obj\startup_lpc17xx.o(.text)
    init_timer0                              0x000001fd   Thumb Code    90  .\obj\main.o(.text)
    init                                     0x00000257   Thumb Code    24  .\obj\main.o(.text)
    main                                     0x0000026f   Thumb Code    24  .\obj\main.o(.text)
    TIMER0_IRQHandler                        0x00000287   Thumb Code    42  .\obj\main.o(.text)
    check_failed                             0x000002b9   Thumb Code     4  .\obj\lpc17xx_libcfg_default.o(.text)
    Motor_Init                               0x000002bd   Thumb Code    48  .\obj\lpc1768_motor.o(.text)
    strtok                                   0x000002f1   Thumb Code     6  C:\Keil_v5\ARM\ARMCC\Bin\..\lib\armlib\c_w.l(strtok.o)(.text)
    SystemCoreClockUpdate                    0x00000301   Thumb Code   408  .\obj\system_lpc17xx.o(.text)
    SystemInit                               0x00000499   Thumb Code   314  .\obj\system_lpc17xx.o(.text)
    GLCD_init                                0x00000677   Thumb Code   694  .\obj\glcd.o(.text)
    GLCD_putPixel                            0x00000991   Thumb Code    38  .\obj\glcd.o(.text)
    GLCD_setTextColor                        0x000009b7   Thumb Code     6  .\obj\glcd.o(.text)
    GLCD_setBackColor                        0x000009bd   Thumb Code     6  .\obj\glcd.o(.text)
    GLCD_clear                               0x000009c3   Thumb Code    74  .\obj\glcd.o(.text)
    GLCD_drawChar                            0x00000a0d   Thumb Code    90  .\obj\glcd.o(.text)
    GLCD_displayChar                         0x00000a67   Thumb Code    34  .\obj\glcd.o(.text)
    GLCD_displayStringLn                     0x00000a89   Thumb Code    60  .\obj\glcd.o(.text)
    GLCD_clearLn                             0x00000ac5   Thumb Code    14  .\obj\glcd.o(.text)
    GLCD_bitmap                              0x00000ad3   Thumb Code    66  .\obj\glcd.o(.text)
    EXT_IO_init                              0x00000b5d   Thumb Code    34  .\obj\doorlock_keypad.o(.text)
    KEYPAD_DIR_Output                        0x00000b7f   Thumb Code    44  .\obj\doorlock_keypad.o(.text)
    KEYPAD_DIR_Input                         0x00000bab   Thumb Code    54  .\obj\doorlock_keypad.o(.text)
    EXT_IO_A_CS                              0x00000be1   Thumb Code    34  .\obj\doorlock_keypad.o(.text)
    EXT_IO_B_CS                              0x00000c03   Thumb Code    34  .\obj\doorlock_keypad.o(.text)
    EXT_IO_C_CS                              0x00000c25   Thumb Code    34  .\obj\doorlock_keypad.o(.text)
    KEYPAD_Output_Row_1                      0x00000c47   Thumb Code    70  .\obj\doorlock_keypad.o(.text)
    KEYPAD_Output_Row_2                      0x00000c8d   Thumb Code    70  .\obj\doorlock_keypad.o(.text)
    KEYPAD_Output_Row_3                      0x00000cd3   Thumb Code    70  .\obj\doorlock_keypad.o(.text)
    KEYPAD_Output_Row_4                      0x00000d19   Thumb Code    70  .\obj\doorlock_keypad.o(.text)
    Keypad_Input                             0x00000d5f   Thumb Code   110  .\obj\doorlock_keypad.o(.text)
    KEYPAD_getPressKeyNumber                 0x00000dcd   Thumb Code   274  .\obj\doorlock_keypad.o(.text)
    KEYPAD_initKeypadMappingVector           0x00000edf   Thumb Code    68  .\obj\doorlock_keypad.o(.text)
    Keypad_mainTask                          0x00000f23   Thumb Code   366  .\obj\doorlock_keypad.o(.text)
    KEYPAD_init                              0x00001091   Thumb Code    28  .\obj\doorlock_keypad.o(.text)
    LCD_setRefresh                           0x000010b5   Thumb Code     8  .\obj\doorlock_lcd.o(.text)
    LCD_printWaitingPage                     0x000010bd   Thumb Code    48  .\obj\doorlock_lcd.o(.text)
    LCD_printWrongPasswordPage               0x000010ed   Thumb Code    46  .\obj\doorlock_lcd.o(.text)
    LCD_printOpenLockerPage                  0x0000111b   Thumb Code    56  .\obj\doorlock_lcd.o(.text)
    LCD_printEnterPasswordPage               0x00001153   Thumb Code   138  .\obj\doorlock_lcd.o(.text)
    LCD_printSelectLockerPage                0x000011dd   Thumb Code   186  .\obj\doorlock_lcd.o(.text)
    LCD_clearPage                            0x00001297   Thumb Code    46  .\obj\doorlock_lcd.o(.text)
    LCD_printServerDisconnectionMsg          0x000012c5   Thumb Code    46  .\obj\doorlock_lcd.o(.text)
    LCD_printHeader                          0x000012f3   Thumb Code   156  .\obj\doorlock_lcd.o(.text)
    LCD_mainTask                             0x0000138f   Thumb Code   108  .\obj\doorlock_lcd.o(.text)
    LCD_init                                 0x000013fb   Thumb Code    30  .\obj\doorlock_lcd.o(.text)
    LCD_printInitPage                        0x00001419   Thumb Code    48  .\obj\doorlock_lcd.o(.text)
    MOTOR_moveCCWHalfCycle                   0x00001571   Thumb Code   240  .\obj\doorlock_motor.o(.text)
    MOTOR_init                               0x00001661   Thumb Code   108  .\obj\doorlock_motor.o(.text)
    MOTOR_setOpenLocker                      0x000016cd   Thumb Code    22  .\obj\doorlock_motor.o(.text)
    MOTOR_setCloseLocker                     0x000016e3   Thumb Code    20  .\obj\doorlock_motor.o(.text)
    MOTOR_mainTask                           0x000016f7   Thumb Code    50  .\obj\doorlock_motor.o(.text)
    UART_init                                0x00001739   Thumb Code    30  .\obj\doorlock_uart.o(.text)
    UART_clearReceivedBuffer                 0x00001757   Thumb Code    18  .\obj\doorlock_uart.o(.text)
    UART_sendMsg                             0x00001769   Thumb Code    14  .\obj\doorlock_uart.o(.text)
    UART_receiveMsg                          0x00001777   Thumb Code   110  .\obj\doorlock_uart.o(.text)
    UART_makeHandShakeMsg                    0x000017e5   Thumb Code    22  .\obj\doorlock_uart.o(.text)
    UART_makeCheckConnectionMsg              0x000017fb   Thumb Code    22  .\obj\doorlock_uart.o(.text)
    UART_makeDisconnectionMsg                0x00001811   Thumb Code    26  .\obj\doorlock_uart.o(.text)
    UART_makeRequestPermssionMsg             0x0000182b   Thumb Code   100  .\obj\doorlock_uart.o(.text)
    UART_isMsgMeetEndMark                    0x0000188f   Thumb Code    88  .\obj\doorlock_uart.o(.text)
    UART_ishandShakeMsg                      0x000018e7   Thumb Code    46  .\obj\doorlock_uart.o(.text)
    UART_isDisconnectMsg                     0x00001915   Thumb Code    46  .\obj\doorlock_uart.o(.text)
    UART_isTimeSyncMsg                       0x00001943   Thumb Code   102  .\obj\doorlock_uart.o(.text)
    Uart_isCheckConnectionMsg                0x000019a9   Thumb Code    46  .\obj\doorlock_uart.o(.text)
    UART_isReseponsePermissionMsg            0x000019d7   Thumb Code    58  .\obj\doorlock_uart.o(.text)
    UART_isResponsePemissionOK               0x00001a11   Thumb Code    50  .\obj\doorlock_uart.o(.text)
    UART_syncTime                            0x00001a43   Thumb Code   170  .\obj\doorlock_uart.o(.text)
    UART_mainTask                            0x00001aed   Thumb Code   598  .\obj\doorlock_uart.o(.text)
    copy_GPIOn_setting                       0x00001d51   Thumb Code    22  .\obj\doorlock_utility.o(.text)
    load_LPC_GPIO_settingFrom                0x00001d67   Thumb Code    62  .\obj\doorlock_utility.o(.text)
    save_LCP_GPIO_settingTo                  0x00001da5   Thumb Code    62  .\obj\doorlock_utility.o(.text)
    set_EXT_IO_DIRECTION                     0x00001de3   Thumb Code   126  .\obj\doorlock_utility.o(.text)
    DATA_isChangedSystemState                0x00001e65   Thumb Code    22  .\obj\doorlock_data.o(.text)
    DATA_getSystemState                      0x00001e7b   Thumb Code     6  .\obj\doorlock_data.o(.text)
    DATA_setSystemState                      0x00001e81   Thumb Code    20  .\obj\doorlock_data.o(.text)
    DATA_timeUpdate                          0x00001e95   Thumb Code   244  .\obj\doorlock_data.o(.text)
    DATA_setTime                             0x00001f89   Thumb Code    32  .\obj\doorlock_data.o(.text)
    DATA_getTime                             0x00001fa9   Thumb Code    58  .\obj\doorlock_data.o(.text)
    DATA_clearPassword                       0x00001fe3   Thumb Code    18  .\obj\doorlock_data.o(.text)
    DATA_pushbackPassword                    0x00001ff5   Thumb Code    30  .\obj\doorlock_data.o(.text)
    DATA_popbackPassword                     0x00002013   Thumb Code    28  .\obj\doorlock_data.o(.text)
    DATA_getSinglePassword                   0x0000202f   Thumb Code    10  .\obj\doorlock_data.o(.text)
    DATA_getPasswordSize                     0x00002039   Thumb Code     6  .\obj\doorlock_data.o(.text)
    DATA_getSelectedLockerNumber             0x0000203f   Thumb Code     6  .\obj\doorlock_data.o(.text)
    DATA_setSelectedLockerNumber             0x00002045   Thumb Code     6  .\obj\doorlock_data.o(.text)
    DATA_isServerConnected                   0x0000204b   Thumb Code     6  .\obj\doorlock_data.o(.text)
    DATA_setIsServerConnected                0x00002051   Thumb Code     6  .\obj\doorlock_data.o(.text)
    DATA_isRequestedPermission               0x00002057   Thumb Code     6  .\obj\doorlock_data.o(.text)
    DATA_setRequsetPermission                0x0000205d   Thumb Code     6  .\obj\doorlock_data.o(.text)
    DATA_connectionCountDown                 0x00002063   Thumb Code    12  .\obj\doorlock_data.o(.text)
    DATA_isConnectionCountZero               0x0000206f   Thumb Code    16  .\obj\doorlock_data.o(.text)
    DATA_resetConnectionCounter              0x0000207f   Thumb Code     8  .\obj\doorlock_data.o(.text)
    DATA_sendingMsgCountDown                 0x00002087   Thumb Code    24  .\obj\doorlock_data.o(.text)
    DATA_resetSendingMsgCounter              0x0000209f   Thumb Code     8  .\obj\doorlock_data.o(.text)
    DATA_isSendingMsgCounterZero             0x000020a7   Thumb Code    14  .\obj\doorlock_data.o(.text)
    UARTPutChar                              0x000020f5   Thumb Code    18  .\obj\debug_frmwrk.o(.text)
    UARTGetChar                              0x00002107   Thumb Code    26  .\obj\debug_frmwrk.o(.text)
    UARTPuts                                 0x00002121   Thumb Code    28  .\obj\debug_frmwrk.o(.text)
    UARTPuts_                                0x0000213d   Thumb Code    24  .\obj\debug_frmwrk.o(.text)
    UARTPutDec                               0x00002155   Thumb Code    96  .\obj\debug_frmwrk.o(.text)
    UARTPutDec16                             0x000021b5   Thumb Code   160  .\obj\debug_frmwrk.o(.text)
    UARTPutDec32                             0x00002255   Thumb Code   280  .\obj\debug_frmwrk.o(.text)
    UARTPutHex                               0x0000236d   Thumb Code    66  .\obj\debug_frmwrk.o(.text)
    UARTPutHex16                             0x000023af   Thumb Code    66  .\obj\debug_frmwrk.o(.text)
    UARTPutHex32                             0x000023f1   Thumb Code    66  .\obj\debug_frmwrk.o(.text)
    debug_frmwrk_init                        0x00002433   Thumb Code   158  .\obj\debug_frmwrk.o(.text)
    CLKPWR_SetPCLKDiv                        0x00002519   Thumb Code    94  .\obj\lpc17xx_clkpwr.o(.text)
    CLKPWR_GetPCLKSEL                        0x00002577   Thumb Code    34  .\obj\lpc17xx_clkpwr.o(.text)
    CLKPWR_GetPCLK                           0x00002599   Thumb Code    58  .\obj\lpc17xx_clkpwr.o(.text)
    CLKPWR_ConfigPPWR                        0x000025d3   Thumb Code    46  .\obj\lpc17xx_clkpwr.o(.text)
    CLKPWR_Sleep                             0x00002601   Thumb Code    12  .\obj\lpc17xx_clkpwr.o(.text)
    CLKPWR_DeepSleep                         0x0000260d   Thumb Code    18  .\obj\lpc17xx_clkpwr.o(.text)
    CLKPWR_PowerDown                         0x0000261f   Thumb Code    18  .\obj\lpc17xx_clkpwr.o(.text)
    CLKPWR_DeepPowerDown                     0x00002631   Thumb Code    18  .\obj\lpc17xx_clkpwr.o(.text)
    GPIO_SetDir                              0x000026f5   Thumb Code    40  .\obj\lpc17xx_gpio.o(.text)
    GPIO_SetValue                            0x0000271d   Thumb Code    20  .\obj\lpc17xx_gpio.o(.text)
    GPIO_ClearValue                          0x00002731   Thumb Code    20  .\obj\lpc17xx_gpio.o(.text)
    GPIO_ReadValue                           0x00002745   Thumb Code    22  .\obj\lpc17xx_gpio.o(.text)
    GPIO_IntCmd                              0x0000275b   Thumb Code    60  .\obj\lpc17xx_gpio.o(.text)
    GPIO_GetIntStatus                        0x00002797   Thumb Code    86  .\obj\lpc17xx_gpio.o(.text)
    GPIO_ClearInt                            0x000027ed   Thumb Code    28  .\obj\lpc17xx_gpio.o(.text)
    FIO_SetDir                               0x00002809   Thumb Code    20  .\obj\lpc17xx_gpio.o(.text)
    FIO_SetValue                             0x0000281d   Thumb Code    16  .\obj\lpc17xx_gpio.o(.text)
    FIO_ClearValue                           0x0000282d   Thumb Code    16  .\obj\lpc17xx_gpio.o(.text)
    FIO_ReadValue                            0x0000283d   Thumb Code    12  .\obj\lpc17xx_gpio.o(.text)
    FIO_IntCmd                               0x00002849   Thumb Code    20  .\obj\lpc17xx_gpio.o(.text)
    FIO_GetIntStatus                         0x0000285d   Thumb Code    20  .\obj\lpc17xx_gpio.o(.text)
    FIO_ClearInt                             0x00002871   Thumb Code    16  .\obj\lpc17xx_gpio.o(.text)
    FIO_SetMask                              0x00002881   Thumb Code    40  .\obj\lpc17xx_gpio.o(.text)
    FIO_HalfWordSetDir                       0x000028a9   Thumb Code    62  .\obj\lpc17xx_gpio.o(.text)
    FIO_HalfWordSetMask                      0x000028e7   Thumb Code    62  .\obj\lpc17xx_gpio.o(.text)
    FIO_HalfWordSetValue                     0x00002925   Thumb Code    32  .\obj\lpc17xx_gpio.o(.text)
    FIO_HalfWordClearValue                   0x00002945   Thumb Code    32  .\obj\lpc17xx_gpio.o(.text)
    FIO_HalfWordReadValue                    0x00002965   Thumb Code    30  .\obj\lpc17xx_gpio.o(.text)
    FIO_ByteSetDir                           0x00002983   Thumb Code    50  .\obj\lpc17xx_gpio.o(.text)
    FIO_ByteSetMask                          0x000029b5   Thumb Code    66  .\obj\lpc17xx_gpio.o(.text)
    FIO_ByteSetValue                         0x000029f7   Thumb Code    34  .\obj\lpc17xx_gpio.o(.text)
    FIO_ByteClearValue                       0x00002a19   Thumb Code    34  .\obj\lpc17xx_gpio.o(.text)
    FIO_ByteReadValue                        0x00002a3b   Thumb Code    42  .\obj\lpc17xx_gpio.o(.text)
    PINSEL_ConfigTraceFunc                   0x00002b0b   Thumb Code    34  .\obj\lpc17xx_pinsel.o(.text)
    PINSEL_SetI2C0Pins                       0x00002b2d   Thumb Code    16  .\obj\lpc17xx_pinsel.o(.text)
    PINSEL_ConfigPin                         0x00002b3d   Thumb Code    36  .\obj\lpc17xx_pinsel.o(.text)
    AF_ConfigPin                             0x00002b61   Thumb Code    30  .\obj\lpc17xx_pinsel.o(.text)
    TIM_GetIntStatus                         0x00002c27   Thumb Code    92  .\obj\lpc17xx_timer.o(.text)
    TIM_GetIntCaptureStatus                  0x00002c83   Thumb Code    94  .\obj\lpc17xx_timer.o(.text)
    TIM_ClearIntPending                      0x00002ce1   Thumb Code    80  .\obj\lpc17xx_timer.o(.text)
    TIM_ClearIntCapturePending               0x00002d31   Thumb Code    82  .\obj\lpc17xx_timer.o(.text)
    TIM_ConfigStructInit                     0x00002d83   Thumb Code    22  .\obj\lpc17xx_timer.o(.text)
    TIM_Init                                 0x00002d99   Thumb Code   272  .\obj\lpc17xx_timer.o(.text)
    TIM_DeInit                               0x00002ea9   Thumb Code   112  .\obj\lpc17xx_timer.o(.text)
    TIM_Cmd                                  0x00002f19   Thumb Code    66  .\obj\lpc17xx_timer.o(.text)
    TIM_ResetCounter                         0x00002f5b   Thumb Code    58  .\obj\lpc17xx_timer.o(.text)
    TIM_ConfigMatch                          0x00002f95   Thumb Code   282  .\obj\lpc17xx_timer.o(.text)
    TIM_UpdateMatchValue                     0x000030af   Thumb Code    86  .\obj\lpc17xx_timer.o(.text)
    TIM_ConfigCapture                        0x00003105   Thumb Code   126  .\obj\lpc17xx_timer.o(.text)
    TIM_GetCaptureValue                      0x00003183   Thumb Code    74  .\obj\lpc17xx_timer.o(.text)
    UART_Init                                0x000033a9   Thumb Code   490  .\obj\lpc17xx_uart.o(.text)
    UART_TxCmd                               0x00003593   Thumb Code   162  .\obj\lpc17xx_uart.o(.text)
    UART_DeInit                              0x00003635   Thumb Code   112  .\obj\lpc17xx_uart.o(.text)
    UART_ConfigStructInit                    0x000036a5   Thumb Code    18  .\obj\lpc17xx_uart.o(.text)
    UART_SendByte                            0x000036b7   Thumb Code    58  .\obj\lpc17xx_uart.o(.text)
    UART_ReceiveByte                         0x000036f1   Thumb Code    56  .\obj\lpc17xx_uart.o(.text)
    UART_Send                                0x00003729   Thumb Code   152  .\obj\lpc17xx_uart.o(.text)
    UART_Receive                             0x000037c1   Thumb Code   124  .\obj\lpc17xx_uart.o(.text)
    UART_ForceBreak                          0x0000383d   Thumb Code    68  .\obj\lpc17xx_uart.o(.text)
    UART_IntConfig                           0x00003881   Thumb Code   260  .\obj\lpc17xx_uart.o(.text)
    UART_GetLineStatus                       0x00003985   Thumb Code    56  .\obj\lpc17xx_uart.o(.text)
    UART_GetIntId                            0x000039bd   Thumb Code    70  .\obj\lpc17xx_uart.o(.text)
    UART_CheckBusy                           0x00003a03   Thumb Code    18  .\obj\lpc17xx_uart.o(.text)
    UART_FIFOConfig                          0x00003a15   Thumb Code   254  .\obj\lpc17xx_uart.o(.text)
    UART_FIFOConfigStructInit                0x00003b13   Thumb Code    14  .\obj\lpc17xx_uart.o(.text)
    UART_ABCmd                               0x00003b21   Thumb Code   192  .\obj\lpc17xx_uart.o(.text)
    UART_ABClearIntPending                   0x00003be1   Thumb Code    66  .\obj\lpc17xx_uart.o(.text)
    UART_IrDAInvtInputCmd                    0x00003c23   Thumb Code    80  .\obj\lpc17xx_uart.o(.text)
    UART_IrDACmd                             0x00003c73   Thumb Code    78  .\obj\lpc17xx_uart.o(.text)
    UART_IrDAPulseDivConfig                  0x00003cc1   Thumb Code   102  .\obj\lpc17xx_uart.o(.text)
    UART_FullModemForcePinState              0x00003d27   Thumb Code   118  .\obj\lpc17xx_uart.o(.text)
    UART_FullModemConfigMode                 0x00003d9d   Thumb Code   146  .\obj\lpc17xx_uart.o(.text)
    UART_FullModemGetStatus                  0x00003e2f   Thumb Code    28  .\obj\lpc17xx_uart.o(.text)
    UART_RS485Config                         0x00003e4b   Thumb Code   300  .\obj\lpc17xx_uart.o(.text)
    UART_RS485ReceiverCmd                    0x00003f77   Thumb Code    32  .\obj\lpc17xx_uart.o(.text)
    UART_RS485Send                           0x00003f97   Thumb Code    88  .\obj\lpc17xx_uart.o(.text)
    UART_RS485SendSlvAddr                    0x00003fef   Thumb Code    18  .\obj\lpc17xx_uart.o(.text)
    UART_RS485SendData                       0x00004001   Thumb Code    22  .\obj\lpc17xx_uart.o(.text)
    Uart0_Init                               0x00004017   Thumb Code    68  .\obj\lpc17xx_uart.o(.text)
    Delay                                    0x00004065   Thumb Code    12  .\obj\lpc1768_utility.o(.text)
    Led_Init                                 0x00004071   Thumb Code   216  .\obj\lpc1768_utility.o(.text)
    Led_On                                   0x00004149   Thumb Code   132  .\obj\lpc1768_utility.o(.text)
    Led_Off                                  0x000041cd   Thumb Code   112  .\obj\lpc1768_utility.o(.text)
    Led_Toggle                               0x0000423d   Thumb Code   298  .\obj\lpc1768_utility.o(.text)
    Led_All_On                               0x00004367   Thumb Code    74  .\obj\lpc1768_utility.o(.text)
    Led_All_Off                              0x000043b1   Thumb Code    74  .\obj\lpc1768_utility.o(.text)
    __aeabi_uldivmod                         0x0000441d   Thumb Code     0  C:\Keil_v5\ARM\ARMCC\Bin\..\lib\armlib\c_w.l(lludivv7m.o)(.text)
    _ll_udiv                                 0x0000441d   Thumb Code   238  C:\Keil_v5\ARM\ARMCC\Bin\..\lib\armlib\c_w.l(lludivv7m.o)(.text)
    __2sprintf                               0x0000450d   Thumb Code    34  C:\Keil_v5\ARM\ARMCC\Bin\..\lib\armlib\c_w.l(noretval__2sprintf.o)(.text)
    _printf_pre_padding                      0x00004535   Thumb Code    44  C:\Keil_v5\ARM\ARMCC\Bin\..\lib\armlib\c_w.l(_printf_pad.o)(.text)
    _printf_post_padding                     0x00004561   Thumb Code    34  C:\Keil_v5\ARM\ARMCC\Bin\..\lib\armlib\c_w.l(_printf_pad.o)(.text)
    _printf_str                              0x00004583   Thumb Code    82  C:\Keil_v5\ARM\ARMCC\Bin\..\lib\armlib\c_w.l(_printf_str.o)(.text)
    _printf_int_dec                          0x000045d5   Thumb Code   104  C:\Keil_v5\ARM\ARMCC\Bin\..\lib\armlib\c_w.l(_printf_dec.o)(.text)
    __printf                                 0x0000464d   Thumb Code   270  C:\Keil_v5\ARM\ARMCC\Bin\..\lib\armlib\c_w.l(__printf_wp.o)(.text)
    strcpy                                   0x0000475b   Thumb Code    72  C:\Keil_v5\ARM\ARMCC\Bin\..\lib\armlib\c_w.l(strcpy.o)(.text)
    strlen                                   0x000047a3   Thumb Code    62  C:\Keil_v5\ARM\ARMCC\Bin\..\lib\armlib\c_w.l(strlen.o)(.text)
    __aeabi_memclr                           0x000047e1   Thumb Code     0  C:\Keil_v5\ARM\ARMCC\Bin\..\lib\armlib\c_w.l(rt_memclr.o)(.text)
    __rt_memclr                              0x000047e1   Thumb Code    68  C:\Keil_v5\ARM\ARMCC\Bin\..\lib\armlib\c_w.l(rt_memclr.o)(.text)
    _memset                                  0x000047e5   Thumb Code     0  C:\Keil_v5\ARM\ARMCC\Bin\..\lib\armlib\c_w.l(rt_memclr.o)(.text)
    __aeabi_memclr4                          0x00004825   Thumb Code     0  C:\Keil_v5\ARM\ARMCC\Bin\..\lib\armlib\c_w.l(rt_memclr_w.o)(.text)
    __aeabi_memclr8                          0x00004825   Thumb Code     0  C:\Keil_v5\ARM\ARMCC\Bin\..\lib\armlib\c_w.l(rt_memclr_w.o)(.text)
    __rt_memclr_w                            0x00004825   Thumb Code    78  C:\Keil_v5\ARM\ARMCC\Bin\..\lib\armlib\c_w.l(rt_memclr_w.o)(.text)
    _memset_w                                0x00004829   Thumb Code     0  C:\Keil_v5\ARM\ARMCC\Bin\..\lib\armlib\c_w.l(rt_memclr_w.o)(.text)
    strcmp                                   0x00004875   Thumb Code   128  C:\Keil_v5\ARM\ARMCC\Bin\..\lib\armlib\c_w.l(strcmpv7m.o)(.text)
    __use_two_region_memory                  0x000048f5   Thumb Code     2  C:\Keil_v5\ARM\ARMCC\Bin\..\lib\armlib\c_w.l(heapauxi.o)(.text)
    __rt_heap_escrow$2region                 0x000048f7   Thumb Code     2  C:\Keil_v5\ARM\ARMCC\Bin\..\lib\armlib\c_w.l(heapauxi.o)(.text)
    __rt_heap_expand$2region                 0x000048f9   Thumb Code     2  C:\Keil_v5\ARM\ARMCC\Bin\..\lib\armlib\c_w.l(heapauxi.o)(.text)
    _printf_int_common                       0x000048fb   Thumb Code   178  C:\Keil_v5\ARM\ARMCC\Bin\..\lib\armlib\c_w.l(_printf_intcommon.o)(.text)
    _printf_char_common                      0x000049b7   Thumb Code    32  C:\Keil_v5\ARM\ARMCC\Bin\..\lib\armlib\c_w.l(_printf_char_common.o)(.text)
    _sputc                                   0x000049dd   Thumb Code    10  C:\Keil_v5\ARM\ARMCC\Bin\..\lib\armlib\c_w.l(_sputc.o)(.text)
    _printf_cs_common                        0x000049e7   Thumb Code    20  C:\Keil_v5\ARM\ARMCC\Bin\..\lib\armlib\c_w.l(_printf_char.o)(.text)
    _printf_char                             0x000049fb   Thumb Code    16  C:\Keil_v5\ARM\ARMCC\Bin\..\lib\armlib\c_w.l(_printf_char.o)(.text)
    _printf_string                           0x00004a0b   Thumb Code     8  C:\Keil_v5\ARM\ARMCC\Bin\..\lib\armlib\c_w.l(_printf_char.o)(.text)
    __strtok_internal                        0x00004a15   Thumb Code    64  C:\Keil_v5\ARM\ARMCC\Bin\..\lib\armlib\c_w.l(strtok_int.o)(.text)
    strcspn                                  0x00004a59   Thumb Code    32  C:\Keil_v5\ARM\ARMCC\Bin\..\lib\armlib\c_w.l(strcspn.o)(.text)
    strspn                                   0x00004a79   Thumb Code    28  C:\Keil_v5\ARM\ARMCC\Bin\..\lib\armlib\c_w.l(strspn.o)(.text)
    __user_setup_stackheap                   0x00004a95   Thumb Code    74  C:\Keil_v5\ARM\ARMCC\Bin\..\lib\armlib\c_w.l(sys_stackheap_outer.o)(.text)
    exit                                     0x00004adf   Thumb Code    18  C:\Keil_v5\ARM\ARMCC\Bin\..\lib\armlib\c_w.l(exit.o)(.text)
    __user_libspace                          0x00004af1   Thumb Code     8  C:\Keil_v5\ARM\ARMCC\Bin\..\lib\armlib\c_w.l(libspace.o)(.text)
    __user_perproc_libspace                  0x00004af1   Thumb Code     0  C:\Keil_v5\ARM\ARMCC\Bin\..\lib\armlib\c_w.l(libspace.o)(.text)
    __user_perthread_libspace                0x00004af1   Thumb Code     0  C:\Keil_v5\ARM\ARMCC\Bin\..\lib\armlib\c_w.l(libspace.o)(.text)
    _sys_exit                                0x00004af9   Thumb Code     8  C:\Keil_v5\ARM\ARMCC\Bin\..\lib\armlib\c_w.l(sys_exit.o)(.text)
    __I$use$semihosting                      0x00004b05   Thumb Code     0  C:\Keil_v5\ARM\ARMCC\Bin\..\lib\armlib\c_w.l(use_no_semi.o)(.text)
    __use_no_semihosting_swi                 0x00004b05   Thumb Code     2  C:\Keil_v5\ARM\ARMCC\Bin\..\lib\armlib\c_w.l(use_no_semi.o)(.text)
    __semihosting_library_function           0x00004b07   Thumb Code     0  C:\Keil_v5\ARM\ARMCC\Bin\..\lib\armlib\c_w.l(indicate_semi.o)(.text)
    _is_digit                                0x00004b07   Thumb Code    14  C:\Keil_v5\ARM\ARMCC\Bin\..\lib\armlib\c_w.l(__printf_wp.o)(i._is_digit)
    Region$$Table$$Base                      0x00004b14   Number         0  anon$$obj.o(Region$$Table)
    Region$$Table$$Limit                     0x00004b34   Number         0  anon$$obj.o(Region$$Table)
    SystemCoreClock                          0x10000000   Data           4  .\obj\system_lpc17xx.o(.data)
    TIM_ConfigStruct                         0x10000004   Data           8  .\obj\main.o(.data)
    ASCII_Table                              0x1000000c   Data        5376  .\obj\glcd.o(.data)
    prevKeypadValue                          0x10001510   Data           4  .\obj\doorlock_keypad.o(.data)
    isNeedRefreash                           0x10001514   Data           4  .\obj\doorlock_lcd.o(.data)
    LockerState                              0x10001518   Data           4  .\obj\doorlock_motor.o(.data)
    isNeedLockerMotorMove                    0x1000151c   Data           4  .\obj\doorlock_motor.o(.data)
    UART_currentState                        0x10001520   Data           1  .\obj\doorlock_uart.o(.data)
    bufferCount                              0x10001521   Data           1  .\obj\doorlock_uart.o(.data)
    UART_handShakeTimeCount                  0x10001524   Data           4  .\obj\doorlock_uart.o(.data)
    UART_LiveMsgTimeCount                    0x10001528   Data           4  .\obj\doorlock_uart.o(.data)
    systemMode                               0x1000152c   Data           4  .\obj\doorlock_data.o(.data)
    _isChangedSystemMode                     0x10001530   Data           4  .\obj\doorlock_data.o(.data)
    year                                     0x10001534   Data           4  .\obj\doorlock_data.o(.data)
    month                                    0x10001538   Data           4  .\obj\doorlock_data.o(.data)
    day                                      0x1000153c   Data           4  .\obj\doorlock_data.o(.data)
    hour                                     0x10001540   Data           4  .\obj\doorlock_data.o(.data)
    minute                                   0x10001544   Data           4  .\obj\doorlock_data.o(.data)
    second                                   0x10001548   Data           4  .\obj\doorlock_data.o(.data)
    daysInMonth                              0x1000154c   Data          52  .\obj\doorlock_data.o(.data)
    passwordSize                             0x10001580   Data           4  .\obj\doorlock_data.o(.data)
    SelectedLockerNumber                     0x10001584   Data           4  .\obj\doorlock_data.o(.data)
    _isServerConnected                       0x10001588   Data           4  .\obj\doorlock_data.o(.data)
    _isRequestedPermission                   0x1000158c   Data           4  .\obj\doorlock_data.o(.data)
    connectionCounter                        0x10001590   Data           4  .\obj\doorlock_data.o(.data)
    _requestSendingMsgCounter                0x10001594   Data           4  .\obj\doorlock_data.o(.data)
    _db_msg                                  0x10001598   Data           4  .\obj\debug_frmwrk.o(.data)
    _db_msg_                                 0x1000159c   Data           4  .\obj\debug_frmwrk.o(.data)
    _db_char                                 0x100015a0   Data           4  .\obj\debug_frmwrk.o(.data)
    _db_dec                                  0x100015a4   Data           4  .\obj\debug_frmwrk.o(.data)
    _db_dec_16                               0x100015a8   Data           4  .\obj\debug_frmwrk.o(.data)
    _db_dec_32                               0x100015ac   Data           4  .\obj\debug_frmwrk.o(.data)
    _db_hex                                  0x100015b0   Data           4  .\obj\debug_frmwrk.o(.data)
    _db_hex_16                               0x100015b4   Data           4  .\obj\debug_frmwrk.o(.data)
    _db_hex_32                               0x100015b8   Data           4  .\obj\debug_frmwrk.o(.data)
    _db_get_char                             0x100015bc   Data           4  .\obj\debug_frmwrk.o(.data)
    ledStatus1                               0x100015c0   Data           1  .\obj\lpc1768_utility.o(.data)
    ledStatus2                               0x100015c1   Data           1  .\obj\lpc1768_utility.o(.data)
    ledStatus3                               0x100015c2   Data           1  .\obj\lpc1768_utility.o(.data)
    ledStatus4                               0x100015c3   Data           1  .\obj\lpc1768_utility.o(.data)
    ledStatus5                               0x100015c4   Data           1  .\obj\lpc1768_utility.o(.data)
    ledStatus6                               0x100015c5   Data           1  .\obj\lpc1768_utility.o(.data)
    ledStatus7                               0x100015c6   Data           1  .\obj\lpc1768_utility.o(.data)
    ledStatus8                               0x100015c7   Data           1  .\obj\lpc1768_utility.o(.data)
    TIM_MatchConfigStruct                    0x100015cc   Data          12  .\obj\main.o(.bss)
    keypadMappingVector                      0x100015d8   Data          16  .\obj\doorlock_keypad.o(.bss)
    keypad_GPIO_SETTING                      0x100015e8   Data         160  .\obj\doorlock_keypad.o(.bss)
    motor_GPIO_SETTING                       0x10001688   Data         160  .\obj\doorlock_motor.o(.bss)
    receivedBuffer                           0x10001728   Data         100  .\obj\doorlock_uart.o(.bss)
    password                                 0x1000178c   Data          16  .\obj\doorlock_data.o(.bss)
    __libspace_start                         0x1000179c   Data          96  C:\Keil_v5\ARM\ARMCC\Bin\..\lib\armlib\c_w.l(libspace.o)(.bss)
    __temporary_stack_top$libspace           0x100017fc   Data           0  C:\Keil_v5\ARM\ARMCC\Bin\..\lib\armlib\c_w.l(libspace.o)(.bss)



==============================================================================

Memory Map of the image

  Image Entry point : 0x000000cd

  Load Region LR_IROM1 (Base: 0x00000000, Size: 0x00006100, Max: 0x00080000, ABSOLUTE, COMPRESSED[0x000052ec])

    Execution Region ER_IROM1 (Base: 0x00000000, Size: 0x00004b34, Max: 0x00080000, ABSOLUTE)

    Base Addr    Size         Type   Attr      Idx    E Section Name        Object

    0x00000000   0x000000cc   Data   RO           48    RESET               .\obj\startup_lpc17xx.o
    0x000000cc   0x00000008   Code   RO          930  * !!!main             C:\Keil_v5\ARM\ARMCC\Bin\..\lib\armlib\c_w.l(__main.o)
    0x000000d4   0x00000034   Code   RO         1116    !!!scatter          C:\Keil_v5\ARM\ARMCC\Bin\..\lib\armlib\c_w.l(__scatter.o)
    0x00000108   0x00000064   Code   RO         1114    !!dclz77c           C:\Keil_v5\ARM\ARMCC\Bin\..\lib\armlib\c_w.l(__dclz77c.o)
    0x0000016c   0x0000001c   Code   RO         1118    !!handler_zi        C:\Keil_v5\ARM\ARMCC\Bin\..\lib\armlib\c_w.l(__scatter_zi.o)
    0x00000188   0x00000000   Code   RO          914    .ARM.Collect$$_printf_percent$$00000000  C:\Keil_v5\ARM\ARMCC\Bin\..\lib\armlib\c_w.l(_printf_percent.o)
    0x00000188   0x00000006   Code   RO          913    .ARM.Collect$$_printf_percent$$00000009  C:\Keil_v5\ARM\ARMCC\Bin\..\lib\armlib\c_w.l(_printf_d.o)
    0x0000018e   0x00000006   Code   RO          912    .ARM.Collect$$_printf_percent$$00000014  C:\Keil_v5\ARM\ARMCC\Bin\..\lib\armlib\c_w.l(_printf_s.o)
    0x00000194   0x00000004   Code   RO          945    .ARM.Collect$$_printf_percent$$00000017  C:\Keil_v5\ARM\ARMCC\Bin\..\lib\armlib\c_w.l(_printf_percent_end.o)
    0x00000198   0x00000002   Code   RO          984    .ARM.Collect$$libinit$$00000000  C:\Keil_v5\ARM\ARMCC\Bin\..\lib\armlib\c_w.l(libinit.o)
    0x0000019a   0x00000000   Code   RO          997    .ARM.Collect$$libinit$$00000002  C:\Keil_v5\ARM\ARMCC\Bin\..\lib\armlib\c_w.l(libinit2.o)
    0x0000019a   0x00000000   Code   RO          999    .ARM.Collect$$libinit$$00000004  C:\Keil_v5\ARM\ARMCC\Bin\..\lib\armlib\c_w.l(libinit2.o)
    0x0000019a   0x00000000   Code   RO         1002    .ARM.Collect$$libinit$$0000000A  C:\Keil_v5\ARM\ARMCC\Bin\..\lib\armlib\c_w.l(libinit2.o)
    0x0000019a   0x00000000   Code   RO         1004    .ARM.Collect$$libinit$$0000000C  C:\Keil_v5\ARM\ARMCC\Bin\..\lib\armlib\c_w.l(libinit2.o)
    0x0000019a   0x00000000   Code   RO         1006    .ARM.Collect$$libinit$$0000000E  C:\Keil_v5\ARM\ARMCC\Bin\..\lib\armlib\c_w.l(libinit2.o)
    0x0000019a   0x00000000   Code   RO         1009    .ARM.Collect$$libinit$$00000011  C:\Keil_v5\ARM\ARMCC\Bin\..\lib\armlib\c_w.l(libinit2.o)
    0x0000019a   0x00000000   Code   RO         1011    .ARM.Collect$$libinit$$00000013  C:\Keil_v5\ARM\ARMCC\Bin\..\lib\armlib\c_w.l(libinit2.o)
    0x0000019a   0x00000000   Code   RO         1013    .ARM.Collect$$libinit$$00000015  C:\Keil_v5\ARM\ARMCC\Bin\..\lib\armlib\c_w.l(libinit2.o)
    0x0000019a   0x00000000   Code   RO         1015    .ARM.Collect$$libinit$$00000017  C:\Keil_v5\ARM\ARMCC\Bin\..\lib\armlib\c_w.l(libinit2.o)
    0x0000019a   0x00000000   Code   RO         1017    .ARM.Collect$$libinit$$00000019  C:\Keil_v5\ARM\ARMCC\Bin\..\lib\armlib\c_w.l(libinit2.o)
    0x0000019a   0x00000000   Code   RO         1019    .ARM.Collect$$libinit$$0000001B  C:\Keil_v5\ARM\ARMCC\Bin\..\lib\armlib\c_w.l(libinit2.o)
    0x0000019a   0x00000000   Code   RO         1021    .ARM.Collect$$libinit$$0000001D  C:\Keil_v5\ARM\ARMCC\Bin\..\lib\armlib\c_w.l(libinit2.o)
    0x0000019a   0x00000000   Code   RO         1023    .ARM.Collect$$libinit$$0000001F  C:\Keil_v5\ARM\ARMCC\Bin\..\lib\armlib\c_w.l(libinit2.o)
    0x0000019a   0x00000000   Code   RO         1025    .ARM.Collect$$libinit$$00000021  C:\Keil_v5\ARM\ARMCC\Bin\..\lib\armlib\c_w.l(libinit2.o)
    0x0000019a   0x00000000   Code   RO         1027    .ARM.Collect$$libinit$$00000023  C:\Keil_v5\ARM\ARMCC\Bin\..\lib\armlib\c_w.l(libinit2.o)
    0x0000019a   0x00000000   Code   RO         1029    .ARM.Collect$$libinit$$00000025  C:\Keil_v5\ARM\ARMCC\Bin\..\lib\armlib\c_w.l(libinit2.o)
    0x0000019a   0x00000000   Code   RO         1033    .ARM.Collect$$libinit$$0000002C  C:\Keil_v5\ARM\ARMCC\Bin\..\lib\armlib\c_w.l(libinit2.o)
    0x0000019a   0x00000000   Code   RO         1035    .ARM.Collect$$libinit$$0000002E  C:\Keil_v5\ARM\ARMCC\Bin\..\lib\armlib\c_w.l(libinit2.o)
    0x0000019a   0x00000000   Code   RO         1037    .ARM.Collect$$libinit$$00000030  C:\Keil_v5\ARM\ARMCC\Bin\..\lib\armlib\c_w.l(libinit2.o)
    0x0000019a   0x00000000   Code   RO         1039    .ARM.Collect$$libinit$$00000032  C:\Keil_v5\ARM\ARMCC\Bin\..\lib\armlib\c_w.l(libinit2.o)
    0x0000019a   0x00000002   Code   RO         1040    .ARM.Collect$$libinit$$00000033  C:\Keil_v5\ARM\ARMCC\Bin\..\lib\armlib\c_w.l(libinit2.o)
    0x0000019c   0x00000002   Code   RO         1071    .ARM.Collect$$libshutdown$$00000000  C:\Keil_v5\ARM\ARMCC\Bin\..\lib\armlib\c_w.l(libshutdown.o)
    0x0000019e   0x00000000   Code   RO         1097    .ARM.Collect$$libshutdown$$00000002  C:\Keil_v5\ARM\ARMCC\Bin\..\lib\armlib\c_w.l(libshutdown2.o)
    0x0000019e   0x00000000   Code   RO         1099    .ARM.Collect$$libshutdown$$00000004  C:\Keil_v5\ARM\ARMCC\Bin\..\lib\armlib\c_w.l(libshutdown2.o)
    0x0000019e   0x00000000   Code   RO         1102    .ARM.Collect$$libshutdown$$00000007  C:\Keil_v5\ARM\ARMCC\Bin\..\lib\armlib\c_w.l(libshutdown2.o)
    0x0000019e   0x00000000   Code   RO         1105    .ARM.Collect$$libshutdown$$0000000A  C:\Keil_v5\ARM\ARMCC\Bin\..\lib\armlib\c_w.l(libshutdown2.o)
    0x0000019e   0x00000000   Code   RO         1107    .ARM.Collect$$libshutdown$$0000000C  C:\Keil_v5\ARM\ARMCC\Bin\..\lib\armlib\c_w.l(libshutdown2.o)
    0x0000019e   0x00000000   Code   RO         1110    .ARM.Collect$$libshutdown$$0000000F  C:\Keil_v5\ARM\ARMCC\Bin\..\lib\armlib\c_w.l(libshutdown2.o)
    0x0000019e   0x00000002   Code   RO         1111    .ARM.Collect$$libshutdown$$00000010  C:\Keil_v5\ARM\ARMCC\Bin\..\lib\armlib\c_w.l(libshutdown2.o)
    0x000001a0   0x00000000   Code   RO          932    .ARM.Collect$$rtentry$$00000000  C:\Keil_v5\ARM\ARMCC\Bin\..\lib\armlib\c_w.l(__rtentry.o)
    0x000001a0   0x00000000   Code   RO          949    .ARM.Collect$$rtentry$$00000002  C:\Keil_v5\ARM\ARMCC\Bin\..\lib\armlib\c_w.l(__rtentry2.o)
    0x000001a0   0x00000006   Code   RO          961    .ARM.Collect$$rtentry$$00000004  C:\Keil_v5\ARM\ARMCC\Bin\..\lib\armlib\c_w.l(__rtentry4.o)
    0x000001a6   0x00000000   Code   RO          951    .ARM.Collect$$rtentry$$00000009  C:\Keil_v5\ARM\ARMCC\Bin\..\lib\armlib\c_w.l(__rtentry2.o)
    0x000001a6   0x00000004   Code   RO          952    .ARM.Collect$$rtentry$$0000000A  C:\Keil_v5\ARM\ARMCC\Bin\..\lib\armlib\c_w.l(__rtentry2.o)
    0x000001aa   0x00000000   Code   RO          954    .ARM.Collect$$rtentry$$0000000C  C:\Keil_v5\ARM\ARMCC\Bin\..\lib\armlib\c_w.l(__rtentry2.o)
    0x000001aa   0x00000008   Code   RO          955    .ARM.Collect$$rtentry$$0000000D  C:\Keil_v5\ARM\ARMCC\Bin\..\lib\armlib\c_w.l(__rtentry2.o)
    0x000001b2   0x00000002   Code   RO          988    .ARM.Collect$$rtexit$$00000000  C:\Keil_v5\ARM\ARMCC\Bin\..\lib\armlib\c_w.l(rtexit.o)
    0x000001b4   0x00000000   Code   RO         1044    .ARM.Collect$$rtexit$$00000002  C:\Keil_v5\ARM\ARMCC\Bin\..\lib\armlib\c_w.l(rtexit2.o)
    0x000001b4   0x00000004   Code   RO         1045    .ARM.Collect$$rtexit$$00000003  C:\Keil_v5\ARM\ARMCC\Bin\..\lib\armlib\c_w.l(rtexit2.o)
    0x000001b8   0x00000006   Code   RO         1046    .ARM.Collect$$rtexit$$00000004  C:\Keil_v5\ARM\ARMCC\Bin\..\lib\armlib\c_w.l(rtexit2.o)
    0x000001be   0x00000002   PAD
    0x000001c0   0x0000003c   Code   RO           50    .text               .\obj\startup_lpc17xx.o
    0x000001fc   0x000000bc   Code   RO           58    .text               .\obj\main.o
    0x000002b8   0x00000004   Code   RO          600    .text               .\obj\lpc17xx_libcfg_default.o
    0x000002bc   0x00000034   Code   RO          835    .text               .\obj\lpc1768_motor.o
    0x000002f0   0x0000000c   Code   RO          915    .text               C:\Keil_v5\ARM\ARMCC\Bin\..\lib\armlib\c_w.l(strtok.o)
    0x000002fc   0x00000004   Code   RO           49    .ARM.__at_0x02FC    .\obj\startup_lpc17xx.o
    0x00000300   0x000002ec   Code   RO            3    .text               .\obj\system_lpc17xx.o
    0x000005ec   0x00000570   Code   RO          164    .text               .\obj\glcd.o
    0x00000b5c   0x00000558   Code   RO          200    .text               .\obj\doorlock_keypad.o
    0x000010b4   0x000004bc   Code   RO          248    .text               .\obj\doorlock_lcd.o
    0x00001570   0x000001c8   Code   RO          274    .text               .\obj\doorlock_motor.o
    0x00001738   0x00000618   Code   RO          304    .text               .\obj\doorlock_uart.o
    0x00001d50   0x00000114   Code   RO          334    .text               .\obj\doorlock_utility.o
    0x00001e64   0x00000290   Code   RO          354    .text               .\obj\doorlock_data.o
    0x000020f4   0x00000424   Code   RO          378    .text               .\obj\debug_frmwrk.o
    0x00002518   0x00000140   Code   RO          410    .text               .\obj\lpc17xx_clkpwr.o
    0x00002658   0x0000040c   Code   RO          507    .text               .\obj\lpc17xx_gpio.o
    0x00002a64   0x00000120   Code   RO          660    .text               .\obj\lpc17xx_pinsel.o
    0x00002b84   0x00000654   Code   RO          749    .text               .\obj\lpc17xx_timer.o
    0x000031d8   0x00000e8c   Code   RO          769    .text               .\obj\lpc17xx_uart.o
    0x00004064   0x000003b8   Code   RO          855    .text               .\obj\lpc1768_utility.o
    0x0000441c   0x000000ee   Code   RO          878    .text               C:\Keil_v5\ARM\ARMCC\Bin\..\lib\armlib\c_w.l(lludivv7m.o)
    0x0000450a   0x00000002   PAD
    0x0000450c   0x00000028   Code   RO          882    .text               C:\Keil_v5\ARM\ARMCC\Bin\..\lib\armlib\c_w.l(noretval__2sprintf.o)
    0x00004534   0x0000004e   Code   RO          886    .text               C:\Keil_v5\ARM\ARMCC\Bin\..\lib\armlib\c_w.l(_printf_pad.o)
    0x00004582   0x00000052   Code   RO          888    .text               C:\Keil_v5\ARM\ARMCC\Bin\..\lib\armlib\c_w.l(_printf_str.o)
    0x000045d4   0x00000078   Code   RO          890    .text               C:\Keil_v5\ARM\ARMCC\Bin\..\lib\armlib\c_w.l(_printf_dec.o)
    0x0000464c   0x0000010e   Code   RO          900    .text               C:\Keil_v5\ARM\ARMCC\Bin\..\lib\armlib\c_w.l(__printf_wp.o)
    0x0000475a   0x00000048   Code   RO          918    .text               C:\Keil_v5\ARM\ARMCC\Bin\..\lib\armlib\c_w.l(strcpy.o)
    0x000047a2   0x0000003e   Code   RO          920    .text               C:\Keil_v5\ARM\ARMCC\Bin\..\lib\armlib\c_w.l(strlen.o)
    0x000047e0   0x00000044   Code   RO          922    .text               C:\Keil_v5\ARM\ARMCC\Bin\..\lib\armlib\c_w.l(rt_memclr.o)
    0x00004824   0x0000004e   Code   RO          924    .text               C:\Keil_v5\ARM\ARMCC\Bin\..\lib\armlib\c_w.l(rt_memclr_w.o)
    0x00004872   0x00000002   PAD
    0x00004874   0x00000080   Code   RO          926    .text               C:\Keil_v5\ARM\ARMCC\Bin\..\lib\armlib\c_w.l(strcmpv7m.o)
    0x000048f4   0x00000006   Code   RO          928    .text               C:\Keil_v5\ARM\ARMCC\Bin\..\lib\armlib\c_w.l(heapauxi.o)
    0x000048fa   0x000000b2   Code   RO          937    .text               C:\Keil_v5\ARM\ARMCC\Bin\..\lib\armlib\c_w.l(_printf_intcommon.o)
    0x000049ac   0x00000030   Code   RO          939    .text               C:\Keil_v5\ARM\ARMCC\Bin\..\lib\armlib\c_w.l(_printf_char_common.o)
    0x000049dc   0x0000000a   Code   RO          941    .text               C:\Keil_v5\ARM\ARMCC\Bin\..\lib\armlib\c_w.l(_sputc.o)
    0x000049e6   0x0000002c   Code   RO          943    .text               C:\Keil_v5\ARM\ARMCC\Bin\..\lib\armlib\c_w.l(_printf_char.o)
    0x00004a12   0x00000002   PAD
    0x00004a14   0x00000044   Code   RO          946    .text               C:\Keil_v5\ARM\ARMCC\Bin\..\lib\armlib\c_w.l(strtok_int.o)
    0x00004a58   0x00000020   Code   RO          967    .text               C:\Keil_v5\ARM\ARMCC\Bin\..\lib\armlib\c_w.l(strcspn.o)
    0x00004a78   0x0000001c   Code   RO          969    .text               C:\Keil_v5\ARM\ARMCC\Bin\..\lib\armlib\c_w.l(strspn.o)
    0x00004a94   0x0000004a   Code   RO          971    .text               C:\Keil_v5\ARM\ARMCC\Bin\..\lib\armlib\c_w.l(sys_stackheap_outer.o)
    0x00004ade   0x00000012   Code   RO          973    .text               C:\Keil_v5\ARM\ARMCC\Bin\..\lib\armlib\c_w.l(exit.o)
    0x00004af0   0x00000008   Code   RO          985    .text               C:\Keil_v5\ARM\ARMCC\Bin\..\lib\armlib\c_w.l(libspace.o)
    0x00004af8   0x0000000c   Code   RO         1041    .text               C:\Keil_v5\ARM\ARMCC\Bin\..\lib\armlib\c_w.l(sys_exit.o)
    0x00004b04   0x00000002   Code   RO         1060    .text               C:\Keil_v5\ARM\ARMCC\Bin\..\lib\armlib\c_w.l(use_no_semi.o)
    0x00004b06   0x00000000   Code   RO         1062    .text               C:\Keil_v5\ARM\ARMCC\Bin\..\lib\armlib\c_w.l(indicate_semi.o)
    0x00004b06   0x0000000e   Code   RO          902    i._is_digit         C:\Keil_v5\ARM\ARMCC\Bin\..\lib\armlib\c_w.l(__printf_wp.o)
    0x00004b14   0x00000020   Data   RO         1112    Region$$Table       anon$$obj.o


    Execution Region RW_IRAM1 (Base: 0x10000000, Size: 0x00001a00, Max: 0x00008000, ABSOLUTE, COMPRESSED[0x000007b8])

    Base Addr    Size         Type   Attr      Idx    E Section Name        Object

    0x10000000   0x00000004   Data   RW            4    .data               .\obj\system_lpc17xx.o
    0x10000004   0x00000008   Data   RW           60    .data               .\obj\main.o
    0x1000000c   0x00001504   Data   RW          165    .data               .\obj\glcd.o
    0x10001510   0x00000004   Data   RW          202    .data               .\obj\doorlock_keypad.o
    0x10001514   0x00000004   Data   RW          249    .data               .\obj\doorlock_lcd.o
    0x10001518   0x00000008   Data   RW          276    .data               .\obj\doorlock_motor.o
    0x10001520   0x0000000c   Data   RW          306    .data               .\obj\doorlock_uart.o
    0x1000152c   0x0000006c   Data   RW          356    .data               .\obj\doorlock_data.o
    0x10001598   0x00000028   Data   RW          379    .data               .\obj\debug_frmwrk.o
    0x100015c0   0x00000008   Data   RW          856    .data               .\obj\lpc1768_utility.o
    0x100015c8   0x00000004   Data   RW          916    .data               C:\Keil_v5\ARM\ARMCC\Bin\..\lib\armlib\c_w.l(strtok.o)
    0x100015cc   0x0000000c   Zero   RW           59    .bss                .\obj\main.o
    0x100015d8   0x000000b0   Zero   RW          201    .bss                .\obj\doorlock_keypad.o
    0x10001688   0x000000a0   Zero   RW          275    .bss                .\obj\doorlock_motor.o
    0x10001728   0x00000064   Zero   RW          305    .bss                .\obj\doorlock_uart.o
    0x1000178c   0x00000010   Zero   RW          355    .bss                .\obj\doorlock_data.o
    0x1000179c   0x00000060   Zero   RW          986    .bss                C:\Keil_v5\ARM\ARMCC\Bin\..\lib\armlib\c_w.l(libspace.o)
    0x100017fc   0x00000004   PAD
    0x10001800   0x00000000   Zero   RW           47    HEAP                .\obj\startup_lpc17xx.o
    0x10001800   0x00000200   Zero   RW           46    STACK               .\obj\startup_lpc17xx.o


==============================================================================

Image component sizes


      Code (inc. data)   RO Data    RW Data    ZI Data      Debug   Object Name

      1060         72          0         40          0       4406   .\obj\debug_frmwrk.o
       656         70          0        108         16       5311   .\obj\doorlock_data.o
      1368         36          0          4        176       4112   .\obj\doorlock_keypad.o
      1212        302          0          4          0       3257   .\obj\doorlock_lcd.o
       456         16          0          8        160       1831   .\obj\doorlock_motor.o
      1560        260          0         12        100       6285   .\obj\doorlock_uart.o
       276          4          0          0          0       1520   .\obj\doorlock_utility.o
      1392         66          0       5380          0       5360   .\obj\glcd.o
        52          4          0          0          0        445   .\obj\lpc1768_motor.o
       952         74          0          8          0       2352   .\obj\lpc1768_utility.o
       320         22          0          0          0       1799   .\obj\lpc17xx_clkpwr.o
      1036         28          0          0          0       8927   .\obj\lpc17xx_gpio.o
         4          0          0          0          0        747   .\obj\lpc17xx_libcfg_default.o
       288          6          0          0          0       2514   .\obj\lpc17xx_pinsel.o
      1620         46          0          0          0       5511   .\obj\lpc17xx_timer.o
      3724         86          0          0          0      11160   .\obj\lpc17xx_uart.o
       188          8          0          8         12      58370   .\obj\main.o
        64         26        204          0        512       1012   .\obj\startup_lpc17xx.o
       748         26          0          4          0      22305   .\obj\system_lpc17xx.o

    ----------------------------------------------------------------------
     16976       1152        236       5576        976     147224   Object Totals
         0          0         32          0          0          0   (incl. Generated)
         0          0          0          0          0          0   (incl. Padding)

    ----------------------------------------------------------------------

      Code (inc. data)   RO Data    RW Data    ZI Data      Debug   Library Member Name

       100          0          0          0          0          0   C:\Keil_v5\ARM\ARMCC\Bin\..\lib\armlib\c_w.l(__dclz77c.o)
         8          0          0          0          0         68   C:\Keil_v5\ARM\ARMCC\Bin\..\lib\armlib\c_w.l(__main.o)
       284          0          0          0          0        156   C:\Keil_v5\ARM\ARMCC\Bin\..\lib\armlib\c_w.l(__printf_wp.o)
         0          0          0          0          0          0   C:\Keil_v5\ARM\ARMCC\Bin\..\lib\armlib\c_w.l(__rtentry.o)
        12          0          0          0          0          0   C:\Keil_v5\ARM\ARMCC\Bin\..\lib\armlib\c_w.l(__rtentry2.o)
         6          0          0          0          0          0   C:\Keil_v5\ARM\ARMCC\Bin\..\lib\armlib\c_w.l(__rtentry4.o)
        52          8          0          0          0          0   C:\Keil_v5\ARM\ARMCC\Bin\..\lib\armlib\c_w.l(__scatter.o)
        28          0          0          0          0          0   C:\Keil_v5\ARM\ARMCC\Bin\..\lib\armlib\c_w.l(__scatter_zi.o)
        44          0          0          0          0        108   C:\Keil_v5\ARM\ARMCC\Bin\..\lib\armlib\c_w.l(_printf_char.o)
        48          6          0          0          0         96   C:\Keil_v5\ARM\ARMCC\Bin\..\lib\armlib\c_w.l(_printf_char_common.o)
         6          0          0          0          0          0   C:\Keil_v5\ARM\ARMCC\Bin\..\lib\armlib\c_w.l(_printf_d.o)
       120         16          0          0          0         92   C:\Keil_v5\ARM\ARMCC\Bin\..\lib\armlib\c_w.l(_printf_dec.o)
       178          0          0          0          0         88   C:\Keil_v5\ARM\ARMCC\Bin\..\lib\armlib\c_w.l(_printf_intcommon.o)
        78          0          0          0          0        108   C:\Keil_v5\ARM\ARMCC\Bin\..\lib\armlib\c_w.l(_printf_pad.o)
         0          0          0          0          0          0   C:\Keil_v5\ARM\ARMCC\Bin\..\lib\armlib\c_w.l(_printf_percent.o)
         4          0          0          0          0          0   C:\Keil_v5\ARM\ARMCC\Bin\..\lib\armlib\c_w.l(_printf_percent_end.o)
         6          0          0          0          0          0   C:\Keil_v5\ARM\ARMCC\Bin\..\lib\armlib\c_w.l(_printf_s.o)
        82          0          0          0          0         80   C:\Keil_v5\ARM\ARMCC\Bin\..\lib\armlib\c_w.l(_printf_str.o)
        10          0          0          0          0         68   C:\Keil_v5\ARM\ARMCC\Bin\..\lib\armlib\c_w.l(_sputc.o)
        18          0          0          0          0         80   C:\Keil_v5\ARM\ARMCC\Bin\..\lib\armlib\c_w.l(exit.o)
         6          0          0          0          0        152   C:\Keil_v5\ARM\ARMCC\Bin\..\lib\armlib\c_w.l(heapauxi.o)
         0          0          0          0          0          0   C:\Keil_v5\ARM\ARMCC\Bin\..\lib\armlib\c_w.l(indicate_semi.o)
         2          0          0          0          0          0   C:\Keil_v5\ARM\ARMCC\Bin\..\lib\armlib\c_w.l(libinit.o)
         2          0          0          0          0          0   C:\Keil_v5\ARM\ARMCC\Bin\..\lib\armlib\c_w.l(libinit2.o)
         2          0          0          0          0          0   C:\Keil_v5\ARM\ARMCC\Bin\..\lib\armlib\c_w.l(libshutdown.o)
         2          0          0          0          0          0   C:\Keil_v5\ARM\ARMCC\Bin\..\lib\armlib\c_w.l(libshutdown2.o)
         8          4          0          0         96         68   C:\Keil_v5\ARM\ARMCC\Bin\..\lib\armlib\c_w.l(libspace.o)
       238          0          0          0          0        100   C:\Keil_v5\ARM\ARMCC\Bin\..\lib\armlib\c_w.l(lludivv7m.o)
        40          6          0          0          0         84   C:\Keil_v5\ARM\ARMCC\Bin\..\lib\armlib\c_w.l(noretval__2sprintf.o)
        68          0          0          0          0         68   C:\Keil_v5\ARM\ARMCC\Bin\..\lib\armlib\c_w.l(rt_memclr.o)
        78          0          0          0          0         80   C:\Keil_v5\ARM\ARMCC\Bin\..\lib\armlib\c_w.l(rt_memclr_w.o)
         2          0          0          0          0          0   C:\Keil_v5\ARM\ARMCC\Bin\..\lib\armlib\c_w.l(rtexit.o)
        10          0          0          0          0          0   C:\Keil_v5\ARM\ARMCC\Bin\..\lib\armlib\c_w.l(rtexit2.o)
       128          0          0          0          0         68   C:\Keil_v5\ARM\ARMCC\Bin\..\lib\armlib\c_w.l(strcmpv7m.o)
        72          0          0          0          0         80   C:\Keil_v5\ARM\ARMCC\Bin\..\lib\armlib\c_w.l(strcpy.o)
        32          0          0          0          0         80   C:\Keil_v5\ARM\ARMCC\Bin\..\lib\armlib\c_w.l(strcspn.o)
        62          0          0          0          0         76   C:\Keil_v5\ARM\ARMCC\Bin\..\lib\armlib\c_w.l(strlen.o)
        28          0          0          0          0         80   C:\Keil_v5\ARM\ARMCC\Bin\..\lib\armlib\c_w.l(strspn.o)
        12          6          0          4          0         68   C:\Keil_v5\ARM\ARMCC\Bin\..\lib\armlib\c_w.l(strtok.o)
        68          4          0          0          0         84   C:\Keil_v5\ARM\ARMCC\Bin\..\lib\armlib\c_w.l(strtok_int.o)
        12          4          0          0          0         68   C:\Keil_v5\ARM\ARMCC\Bin\..\lib\armlib\c_w.l(sys_exit.o)
        74          0          0          0          0         80   C:\Keil_v5\ARM\ARMCC\Bin\..\lib\armlib\c_w.l(sys_stackheap_outer.o)
         2          0          0          0          0         68   C:\Keil_v5\ARM\ARMCC\Bin\..\lib\armlib\c_w.l(use_no_semi.o)

    ----------------------------------------------------------------------
      2040         54          0          4        100       2248   Library Totals
         8          0          0          0          4          0   (incl. Padding)

    ----------------------------------------------------------------------

      Code (inc. data)   RO Data    RW Data    ZI Data      Debug   Library Name

      2032         54          0          4         96       2248   C:\Keil_v5\ARM\ARMCC\Bin\..\lib\armlib\c_w.l

    ----------------------------------------------------------------------
      2040         54          0          4        100       2248   Library Totals

    ----------------------------------------------------------------------

==============================================================================


      Code (inc. data)   RO Data    RW Data    ZI Data      Debug   

     19016       1206        236       5580       1076     146764   Grand Totals
     19016       1206        236       1976       1076     146764   ELF Image Totals (compressed)
     19016       1206        236       1976          0          0   ROM Totals

==============================================================================

    Total RO  Size (Code + RO Data)                19252 (  18.80kB)
    Total RW  Size (RW Data + ZI Data)              6656 (   6.50kB)
    Total ROM Size (Code + RO Data + RW Data)      21228 (  20.73kB)

==============================================================================

