<html>
<body>
<pre>
<h1>µVision Build Log</h1>
<h2>Tool Versions:</h2>
IDE-Version: •ÏVision V5.22.0.0
Copyright (C) 2016 ARM Ltd and ARM Germany GmbH. All rights reserved.
License Information: yujun kim yonsei university Flex license: MDK-ARM Professional (Eval) (mdk_pro_eval) Operation stops: 23 Nov 2016
 
Tool Versions:
Toolchain:       MDK-ARM Professional (Eval)  Version: 5.22
Toolchain Path:  C:\Keil_v5\ARM\ARMCC\Bin
C Compiler:      Armcc.exe V5.06 update 4 (build 422)
Assembler:       Armasm.exe V5.06 update 4 (build 422)
Linker/Locator:  ArmLink.exe V5.06 update 4 (build 422)
Library Manager: ArmAr.exe V5.06 update 4 (build 422)
Hex Converter:   FromElf.exe V5.06 update 4 (build 422)
CPU DLL:         SARMCM3.DLL V5.22
Dialog DLL:      DARMP1.DLL V1.27.0.0
Target DLL:      UL2CM3.DLL V1.159.0.0
Dialog DLL:      TARMP1.DLL V1.26.0.0
 
<h2>Project:</h2>
C:\Users\yujun\Documents\microprocessor_project\«¡∑Œ¡ß∆Æ\MDK-ARM\ARM_CortexM3_FND.uvproj
Project File Date:  11/17/2016

<h2>Output:</h2>
*** Using Compiler 'V5.06 update 4 (build 422)', folder: 'C:\Keil_v5\ARM\ARMCC\Bin'
Build target 'ARM_CortexM3_NXP'
assembling startup_LPC17xx.s...
compiling main.c...
linking...
Program Size: Code=16160 RO-data=236 RW-data=5468 ZI-data=1436  
FromELF: creating hex file...
".\Obj\FND.axf" - 0 Error(s), 0 Warning(s).
Build Time Elapsed:  00:00:01
</pre>
</body>
</html>
