<html>
<body>
<pre>
<h1>µVision Build Log</h1>
<h2>Tool Versions:</h2>
IDE-Version: •ÏVision V5.22.0.0
Copyright (C) 2016 ARM Ltd and ARM Germany GmbH. All rights reserved.
License Information: yujun kim, yonsei university, LIC=----
 
Tool Versions:
Toolchain:       MDK-Lite  Version: 5.22
Toolchain Path:  C:\Keil_v5\ARM\ARMCC\Bin
C Compiler:      Armcc.exe V5.06 update 4 (build 422)
Assembler:       Armasm.exe V5.06 update 4 (build 422)
Linker/Locator:  ArmLink.exe V5.06 update 4 (build 422)
Library Manager: ArmAr.exe V5.06 update 4 (build 422)
Hex Converter:   FromElf.exe V5.06 update 4 (build 422)
CPU DLL:         SARMCM3.DLL V5.22
Dialog DLL:      DARMP1.DLL V1.27.0.0
Target DLL:      UL2CM3.DLL V1.159.0.0
Dialog DLL:      TARMP1.DLL V1.26.0.0
 
<h2>Project:</h2>
C:\Users\yujun\Documents\microprocessor_project\«¡∑Œ¡ß∆Æ\MDK-ARM\ARM_CortexM3_FND.uvproj
Project File Date:  11/30/2016

<h2>Output:</h2>
*** Using Compiler 'V5.06 update 4 (build 422)', folder: 'C:\Keil_v5\ARM\ARMCC\Bin'
Rebuild target 'ARM_CortexM3_NXP'
assembling startup_LPC17xx.s...
compiling system_LPC17xx.c...
compiling main.c...
compiling GLCD.c...
compiling doorLock_FND.c...
compiling doorLock_KEYPAD.c...
compiling doorLock_LCD.c...
compiling doorLock_MOTOR.c...
compiling doorLock_UART.c...
compiling doorLock_utility.c...
compiling doorLock_data.c...
doorLock_data.c(64): warning:  #111-D: statement is unreachable
  		break;
doorLock_data.c: 1 warning, 0 errors
compiling lpc17xx_clkpwr.c...
compiling debug_frmwrk.c...
compiling lpc17xx_emac.c...
compiling lpc17xx_exti.c...
compiling lpc17xx_gpdma.c...
compiling lpc17xx_gpio.c...
compiling lpc17xx_iap.c...
compiling lpc17xx_i2c.c...
compiling lpc17xx_libcfg_default.c...
compiling lpc17xx_i2s.c...
compiling lpc17xx_nvic.c...
compiling lpc17xx_mcpwm.c...
compiling lpc17xx_pinsel.c...
compiling lpc17xx_rit.c...
compiling lpc17xx_qei.c...
compiling lpc17xx_rtc.c...
compiling lpc17xx_timer.c...
compiling lpc17xx_wdt.c...
compiling lpc17xx_uart.c...
compiling LPC1768_fnd.c...
compiling LPC1768_motor.c...
compiling LPC1768_utility.c...
LPC1768_utility.c(75): warning:  #61-D: integer operation result is out of range
  			GPIO_SetDir(
PIO_PORT_1, (1<<28) | (1<<29) | (1<<31), OUTPUT); 
LPC1768_utility.c(126): warning:  #61-D: integer operation result is out of range
  			GPIO_SetValue(
PIO_PORT_1, (1<<28) | (1<<29) | (1<<31));
LPC1768_utility.c: 2 warnings, 0 errors
linking...
Program Size: Code=19328 RO-data=236 RW-data=5600 ZI-data=1232  
FromELF: creating hex file...
".\Obj\FND.axf" - 0 Error(s), 3 Warning(s).
Build Time Elapsed:  00:00:04
</pre>
</body>
</html>
